Component: ARM Compiler 6.12 Tool: armlink [5d624300]

==============================================================================

Section Cross References

    startup_stm32l562xx.o(STACK) refers (Special) to heapauxi.o(.text) for __use_two_region_memory
    startup_stm32l562xx.o(HEAP) refers (Special) to heapauxi.o(.text) for __use_two_region_memory
    startup_stm32l562xx.o(RESET) refers (Special) to heapauxi.o(.text) for __use_two_region_memory
    startup_stm32l562xx.o(RESET) refers to startup_stm32l562xx.o(STACK) for __initial_sp
    startup_stm32l562xx.o(RESET) refers to startup_stm32l562xx.o(.text) for Reset_Handler
    startup_stm32l562xx.o(RESET) refers to stm32l5xx_it.o(.text.NMI_Handler) for NMI_Handler
    startup_stm32l562xx.o(RESET) refers to stm32l5xx_it.o(.text.HardFault_Handler) for HardFault_Handler
    startup_stm32l562xx.o(RESET) refers to stm32l5xx_it.o(.text.MemManage_Handler) for MemManage_Handler
    startup_stm32l562xx.o(RESET) refers to stm32l5xx_it.o(.text.BusFault_Handler) for BusFault_Handler
    startup_stm32l562xx.o(RESET) refers to stm32l5xx_it.o(.text.UsageFault_Handler) for UsageFault_Handler
    startup_stm32l562xx.o(RESET) refers to stm32l5xx_it.o(.text.SVC_Handler) for SVC_Handler
    startup_stm32l562xx.o(RESET) refers to stm32l5xx_it.o(.text.DebugMon_Handler) for DebugMon_Handler
    startup_stm32l562xx.o(RESET) refers to stm32l5xx_it.o(.text.PendSV_Handler) for PendSV_Handler
    startup_stm32l562xx.o(RESET) refers to stm32l5xx_it.o(.text.SysTick_Handler) for SysTick_Handler
    startup_stm32l562xx.o(.text) refers (Special) to heapauxi.o(.text) for __use_two_region_memory
    startup_stm32l562xx.o(.text) refers to system_stm32l5xx.o(.text.SystemInit) for SystemInit
    startup_stm32l562xx.o(.text) refers to __main.o(!!!main) for __main
    startup_stm32l562xx.o(.text) refers to startup_stm32l562xx.o(HEAP) for Heap_Mem
    startup_stm32l562xx.o(.text) refers to startup_stm32l562xx.o(STACK) for Stack_Mem
    main.o(.text.main) refers to stm32l5xx_hal.o(.text.HAL_Init) for HAL_Init
    main.o(.text.main) refers to main.o(.text.SystemClock_Config) for SystemClock_Config
    main.o(.text.main) refers to main.o(.text.PeriphCommonClock_Config) for PeriphCommonClock_Config
    main.o(.text.main) refers to gpio.o(.text.MX_GPIO_Init) for MX_GPIO_Init
    main.o(.text.main) refers to main.o(.text.SystemHardwareInit) for SystemHardwareInit
    main.o(.text.main) refers to main.o(.text.Display_DemoDescription) for Display_DemoDescription
    main.o(.ARM.exidx.text.main) refers to main.o(.text.main) for [Anonymous Symbol]
    main.o(.text.SystemClock_Config) refers to rt_memclr_w.o(.text) for __aeabi_memclr4
    main.o(.text.SystemClock_Config) refers to stm32l5xx_hal_pwr_ex.o(.text.HAL_PWREx_ControlVoltageScaling) for HAL_PWREx_ControlVoltageScaling
    main.o(.text.SystemClock_Config) refers to main.o(.text.Error_Handler) for Error_Handler
    main.o(.text.SystemClock_Config) refers to stm32l5xx_hal_pwr.o(.text.HAL_PWR_EnableBkUpAccess) for HAL_PWR_EnableBkUpAccess
    main.o(.text.SystemClock_Config) refers to stm32l5xx_hal_rcc.o(.text.HAL_RCC_OscConfig) for HAL_RCC_OscConfig
    main.o(.text.SystemClock_Config) refers to stm32l5xx_hal_rcc.o(.text.HAL_RCC_ClockConfig) for HAL_RCC_ClockConfig
    main.o(.text.SystemClock_Config) refers to stm32l5xx_hal_rcc_ex.o(.text.HAL_RCCEx_EnableMSIPLLMode) for HAL_RCCEx_EnableMSIPLLMode
    main.o(.ARM.exidx.text.SystemClock_Config) refers to main.o(.text.SystemClock_Config) for [Anonymous Symbol]
    main.o(.text.PeriphCommonClock_Config) refers to rt_memclr_w.o(.text) for __aeabi_memclr4
    main.o(.text.PeriphCommonClock_Config) refers to stm32l5xx_hal_rcc_ex.o(.text.HAL_RCCEx_PeriphCLKConfig) for HAL_RCCEx_PeriphCLKConfig
    main.o(.text.PeriphCommonClock_Config) refers to main.o(.text.Error_Handler) for Error_Handler
    main.o(.ARM.exidx.text.PeriphCommonClock_Config) refers to main.o(.text.PeriphCommonClock_Config) for [Anonymous Symbol]
    main.o(.text.SystemHardwareInit) refers to main.o(.bss.LcdInitialized) for LcdInitialized
    main.o(.text.SystemHardwareInit) refers to bsp.o(.text.BSP_LCD_Init) for BSP_LCD_Init
    main.o(.text.SystemHardwareInit) refers to main.o(.text.Error_Handler) for Error_Handler
    main.o(.text.SystemHardwareInit) refers to bsp.o(.text.BSP_LCD_DrawBitmap) for BSP_LCD_DrawBitmap
    main.o(.text.SystemHardwareInit) refers to bsp.o(.text.BSP_LCD_FillRGBRect) for BSP_LCD_FillRGBRect
    main.o(.text.SystemHardwareInit) refers to bsp.o(.text.BSP_LCD_DrawHLine) for BSP_LCD_DrawHLine
    main.o(.text.SystemHardwareInit) refers to bsp.o(.text.BSP_LCD_DrawVLine) for BSP_LCD_DrawVLine
    main.o(.text.SystemHardwareInit) refers to bsp.o(.text.BSP_LCD_FillRect) for BSP_LCD_FillRect
    main.o(.text.SystemHardwareInit) refers to bsp.o(.text.BSP_LCD_ReadPixel) for BSP_LCD_ReadPixel
    main.o(.text.SystemHardwareInit) refers to bsp.o(.text.BSP_LCD_WritePixel) for BSP_LCD_WritePixel
[...]
    .ARM.Collect$$libshutdown$$00000000      0x08000278   Section        2  libshutdown.o(.ARM.Collect$$libshutdown$$00000000)
    .ARM.Collect$$libshutdown$$00000002      0x0800027a   Section        0  libshutdown2.o(.ARM.Collect$$libshutdown$$00000002)
    .ARM.Collect$$libshutdown$$00000004      0x0800027a   Section        0  libshutdown2.o(.ARM.Collect$$libshutdown$$00000004)
    .ARM.Collect$$libshutdown$$00000007      0x0800027a   Section        0  libshutdown2.o(.ARM.Collect$$libshutdown$$00000007)
    .ARM.Collect$$libshutdown$$0000000A      0x0800027a   Section        0  libshutdown2.o(.ARM.Collect$$libshutdown$$0000000A)
    .ARM.Collect$$libshutdown$$0000000C      0x0800027a   Section        0  libshutdown2.o(.ARM.Collect$$libshutdown$$0000000C)
    .ARM.Collect$$libshutdown$$0000000F      0x0800027a   Section        0  libshutdown2.o(.ARM.Collect$$libshutdown$$0000000F)
    .ARM.Collect$$libshutdown$$00000010      0x0800027a   Section        2  libshutdown2.o(.ARM.Collect$$libshutdown$$00000010)
    .ARM.Collect$$rtentry$$00000000          0x0800027c   Section        0  __rtentry.o(.ARM.Collect$$rtentry$$00000000)
    .ARM.Collect$$rtentry$$00000002          0x0800027c   Section        0  __rtentry2.o(.ARM.Collect$$rtentry$$00000002)
    .ARM.Collect$$rtentry$$00000004          0x0800027c   Section        6  __rtentry4.o(.ARM.Collect$$rtentry$$00000004)
    .ARM.Collect$$rtentry$$00000009          0x08000282   Section        0  __rtentry2.o(.ARM.Collect$$rtentry$$00000009)
    .ARM.Collect$$rtentry$$0000000A          0x08000282   Section        4  __rtentry2.o(.ARM.Collect$$rtentry$$0000000A)
    .ARM.Collect$$rtentry$$0000000C          0x08000286   Section        0  __rtentry2.o(.ARM.Collect$$rtentry$$0000000C)
    .ARM.Collect$$rtentry$$0000000D          0x08000286   Section        8  __rtentry2.o(.ARM.Collect$$rtentry$$0000000D)
    .ARM.Collect$$rtexit$$00000000           0x0800028e   Section        2  rtexit.o(.ARM.Collect$$rtexit$$00000000)
    .ARM.Collect$$rtexit$$00000002           0x08000290   Section        0  rtexit2.o(.ARM.Collect$$rtexit$$00000002)
    .ARM.Collect$$rtexit$$00000003           0x08000290   Section        4  rtexit2.o(.ARM.Collect$$rtexit$$00000003)
    .ARM.Collect$$rtexit$$00000004           0x08000294   Section        6  rtexit2.o(.ARM.Collect$$rtexit$$00000004)
    .emb_text                                0x0800029c   Section        4  argv_veneer.o(.emb_text)
    $v0                                      0x080002a0   Number         0  startup_stm32l562xx.o(.text)
    .text                                    0x080002a0   Section       68  startup_stm32l562xx.o(.text)
    .text                                    0x080002e4   Section       78  rt_memclr_w.o(.text)
    .text                                    0x08000332   Section        0  heapauxi.o(.text)
    .text                                    0x08000338   Section       74  sys_stackheap_outer.o(.text)
    .text                                    0x08000382   Section        0  exit.o(.text)
    .text                                    0x08000394   Section        8  libspace.o(.text)
    .text                                    0x0800039c   Section        0  defsig_exit.o(.text)
    .text                                    0x080003a8   Section        0  sys_exit.o(.text)
    .text                                    0x080003b4   Section        0  defsig_general.o(.text)
    .text                                    0x080003e6   Section        0  sys_wrch.o(.text)
    .text                                    0x080003f4   Section        2  use_no_semi.o(.text)
    .text                                    0x080003f6   Section        0  indicate_semi.o(.text)
    .text                                    0x080003f6   Section        0  _get_argv_nomalloc.o(.text)
    .text                                    0x08000524   Section        0  sys_command.o(.text)
    .text                                    0x0800053c   Section        0  hrguard.o(.text)
    .text                                    0x08000540   Section        0  defsig_rtmem_inner.o(.text)
    .text                                    0x08000590   Section        0  defsig_rtmem_outer.o(.text)
    [Anonymous Symbol]                       0x080005a0   Section        0  bsp.o(.text.BSP_LCD_DisplayOn)
    [Anonymous Symbol]                       0x080005f4   Section        0  bsp.o(.text.BSP_LCD_DrawBitmap)
    [Anonymous Symbol]                       0x08000674   Section        0  bsp.o(.text.BSP_LCD_DrawHLine)
    [Anonymous Symbol]                       0x08000704   Section        0  bsp.o(.text.BSP_LCD_DrawVLine)
    [Anonymous Symbol]                       0x08000794   Section        0  bsp.o(.text.BSP_LCD_FillRGBRect)
    [Anonymous Symbol]                       0x0800082c   Section        0  bsp.o(.text.BSP_LCD_FillRect)
    [Anonymous Symbol]                       0x080008c4   Section        0  bsp.o(.text.BSP_LCD_GetFormat)
    [Anonymous Symbol]                       0x080008f4   Section        0  bsp.o(.text.BSP_LCD_GetXSize)
    [Anonymous Symbol]                       0x08000960   Section        0  bsp.o(.text.BSP_LCD_GetYSize)
    [Anonymous Symbol]                       0x080009cc   Section        0  bsp.o(.text.BSP_LCD_Init)
    [Anonymous Symbol]                       0x08000a18   Section        0  bsp.o(.text.BSP_LCD_ReadPixel)
    [Anonymous Symbol]                       0x08000a98   Section        0  bsp.o(.text.BSP_LCD_SetActiveLayer)
    [Anonymous Symbol]                       0x08000ac4   Section        0  bsp.o(.text.BSP_LCD_WritePixel)
    [Anonymous Symbol]                       0x08000b44   Section        0  stm32l5xx_it.o(.text.BusFault_Handler)
    [Anonymous Symbol]                       0x08000b48   Section        0  stm32l5xx_it.o(.text.DebugMon_Handler)
    Display_DemoDescription                  0x08000b4d   Thumb Code   230  main.o(.text.Display_DemoDescription)
    [Anonymous Symbol]                       0x08000b4c   Section        0  main.o(.text.Display_DemoDescription)
    DrawChar                                 0x08000c35   Thumb Code   526  stm32_lcd.o(.text.DrawChar)
    [Anonymous Symbol]                       0x08000c34   Section        0  stm32_lcd.o(.text.DrawChar)
    [Anonymous Symbol]                       0x08000e44   Section        0  main.o(.text.Error_Handler)
    FMC_MspDeInit                            0x08000e55   Thumb Code    96  bsp.o(.text.FMC_MspDeInit)
    [Anonymous Symbol]                       0x08000e54   Section        0  bsp.o(.text.FMC_MspDeInit)
    FMC_MspInit                              0x08000eb5   Thumb Code   254  bsp.o(.text.FMC_MspInit)
    [Anonymous Symbol]                       0x08000eb4   Section        0  bsp.o(.text.FMC_MspInit)
    [Anonymous Symbol]                       0x08000fb4   Section        0  stm32l5xx_ll_fmc.o(.text.FMC_NORSRAM_DeInit)
    [Anonymous Symbol]                       0x08001068   Section        0  stm32l5xx_ll_fmc.o(.text.FMC_NORSRAM_Extended_Timing_Init)
    [Anonymous Symbol]                       0x080010e4   Section        0  stm32l5xx_ll_fmc.o(.text.FMC_NORSRAM_Init)
    [Anonymous Symbol]                       0x0800127c   Section        0  stm32l5xx_ll_fmc.o(.text.FMC_NORSRAM_Timing_Init)
    [Anonymous Symbol]                       0x08001324   Section        0  stm32l5xx_hal.o(.text.HAL_Delay)
    HAL_FMC_MspDeInit                        0x08001375   Thumb Code   106  fmc.o(.text.HAL_FMC_MspDeInit)
    [Anonymous Symbol]                       0x08001374   Section        0  fmc.o(.text.HAL_FMC_MspDeInit)
    HAL_FMC_MspInit                          0x080013e1   Thumb Code   208  fmc.o(.text.HAL_FMC_MspInit)
    [Anonymous Symbol]                       0x080013e0   Section        0  fmc.o(.text.HAL_FMC_MspInit)
    [Anonymous Symbol]                       0x080014b0   Section        0  stm32l5xx_hal_gpio.o(.text.HAL_GPIO_DeInit)
    [Anonymous Symbol]                       0x080016c8   Section        0  stm32l5xx_hal_gpio.o(.text.HAL_GPIO_Init)
    [Anonymous Symbol]                       0x08001a4c   Section        0  stm32l5xx_hal_gpio.o(.text.HAL_GPIO_WritePin)
    [Anonymous Symbol]                       0x08001a8c   Section        0  stm32l5xx_hal.o(.text.HAL_GetTick)
    [Anonymous Symbol]                       0x08001a98   Section        0  stm32l5xx_hal.o(.text.HAL_IncTick)
    [Anonymous Symbol]                       0x08001ab4   Section        0  stm32l5xx_hal.o(.text.HAL_Init)
    [Anonymous Symbol]                       0x08001af0   Section        0  stm32l5xx_hal.o(.text.HAL_InitTick)
    [Anonymous Symbol]                       0x08001b80   Section        0  stm32l5xx_hal_msp.o(.text.HAL_MspInit)
    [Anonymous Symbol]                       0x08001bc8   Section        0  stm32l5xx_hal_cortex.o(.text.HAL_NVIC_SetPriority)
    [Anonymous Symbol]                       0x08001c10   Section        0  stm32l5xx_hal_cortex.o(.text.HAL_NVIC_SetPriorityGrouping)
    [Anonymous Symbol]                       0x08001c24   Section        0  stm32l5xx_hal_pwr_ex.o(.text.HAL_PWREx_ControlVoltageScaling)
    [Anonymous Symbol]                       0x08001d2c   Section        0  stm32l5xx_hal_pwr_ex.o(.text.HAL_PWREx_EnableVddIO2)
    [Anonymous Symbol]                       0x08001d40   Section        0  stm32l5xx_hal_pwr_ex.o(.text.HAL_PWREx_GetVoltageRange)
    [Anonymous Symbol]                       0x08001d50   Section        0  stm32l5xx_hal_pwr_ex.o(.text.HAL_PWREx_SMPS_GetEffectiveMode)
    [Anonymous Symbol]                       0x08001d94   Section        0  stm32l5xx_hal_pwr.o(.text.HAL_PWR_EnableBkUpAccess)
    [Anonymous Symbol]                       0x08001da8   Section        0  stm32l5xx_hal_rcc_ex.o(.text.HAL_RCCEx_EnableMSIPLLMode)
    [Anonymous Symbol]                       0x08001dbc   Section        0  stm32l5xx_hal_rcc_ex.o(.text.HAL_RCCEx_PeriphCLKConfig)
    [Anonymous Symbol]                       0x080025cc   Section        0  stm32l5xx_hal_rcc.o(.text.HAL_RCC_ClockConfig)
    [Anonymous Symbol]                       0x0800291c   Section        0  stm32l5xx_hal_rcc.o(.text.HAL_RCC_GetHCLKFreq)
    [Anonymous Symbol]                       0x08002948   Section        0  stm32l5xx_hal_rcc.o(.text.HAL_RCC_GetSysClockFreq)
    [Anonymous Symbol]                       0x08002adc   Section        0  stm32l5xx_hal_rcc.o(.text.HAL_RCC_OscConfig)
    [Anonymous Symbol]                       0x080037a8   Section        0  stm32l5xx_hal_sram.o(.text.HAL_SRAM_DeInit)
    [Anonymous Symbol]                       0x080037e8   Section        0  stm32l5xx_hal_sram.o(.text.HAL_SRAM_GetState)
    [Anonymous Symbol]                       0x080037fc   Section        0  stm32l5xx_hal_sram.o(.text.HAL_SRAM_Init)
    [Anonymous Symbol]                       0x080038b4   Section        0  fmc.o(.text.HAL_SRAM_MspDeInit)
    [Anonymous Symbol]                       0x080038c8   Section        0  fmc.o(.text.HAL_SRAM_MspInit)
    [Anonymous Symbol]                       0x080038dc   Section        0  stm32l5xx_hal_cortex.o(.text.HAL_SYSTICK_Config)
    [Anonymous Symbol]                       0x080038f0   Section        0  stm32l5xx_it.o(.text.HardFault_Handler)
    LCD_FMC_DeInit                           0x080038f5   Thumb Code    48  bsp.o(.text.LCD_FMC_DeInit)
    [Anonymous Symbol]                       0x080038f4   Section        0  bsp.o(.text.LCD_FMC_DeInit)
    LCD_FMC_GetTick                          0x08003925   Thumb Code    16  bsp.o(.text.LCD_FMC_GetTick)
    [Anonymous Symbol]                       0x08003924   Section        0  bsp.o(.text.LCD_FMC_GetTick)
    LCD_FMC_Init                             0x08003935   Thumb Code    90  bsp.o(.text.LCD_FMC_Init)
    [Anonymous Symbol]                       0x08003934   Section        0  bsp.o(.text.LCD_FMC_Init)
    LCD_FMC_ReadReg16                        0x08003991   Thumb Code   150  bsp.o(.text.LCD_FMC_ReadReg16)
    [Anonymous Symbol]                       0x08003990   Section        0  bsp.o(.text.LCD_FMC_ReadReg16)
    LCD_FMC_Send                             0x08003a29   Thumb Code    94  bsp.o(.text.LCD_FMC_Send)
    [Anonymous Symbol]                       0x08003a28   Section        0  bsp.o(.text.LCD_FMC_Send)
    LCD_FMC_WriteReg16                       0x08003a89   Thumb Code   138  bsp.o(.text.LCD_FMC_WriteReg16)
    [Anonymous Symbol]                       0x08003a88   Section        0  bsp.o(.text.LCD_FMC_WriteReg16)
    [Anonymous Symbol]                       0x08003b14   Section        0  bsp.o(.text.MX_FMC_BANK1_Init)
    [Anonymous Symbol]                       0x08003bd0   Section        0  gpio.o(.text.MX_GPIO_Init)
    [Anonymous Symbol]                       0x08003e4c   Section        0  stm32l5xx_it.o(.text.MemManage_Handler)
    [Anonymous Symbol]                       0x08003e50   Section        0  stm32l5xx_it.o(.text.NMI_Handler)
    NVIC_EncodePriority                      0x08003e55   Thumb Code   128  stm32l5xx_hal_cortex.o(.text.NVIC_EncodePriority)
    [Anonymous Symbol]                       0x08003e54   Section        0  stm32l5xx_hal_cortex.o(.text.NVIC_EncodePriority)
    [Anonymous Symbol]                       0x08003ed4   Section        0  stm32l5xx_it.o(.text.PendSV_Handler)
    [Anonymous Symbol]                       0x08003ed8   Section        0  main.o(.text.PeriphCommonClock_Config)
    RCCEx_PLLSAI1_Config                     0x08003f29   Thumb Code   610  stm32l5xx_hal_rcc_ex.o(.text.RCCEx_PLLSAI1_Config)
    [Anonymous Symbol]                       0x08003f28   Section        0  stm32l5xx_hal_rcc_ex.o(.text.RCCEx_PLLSAI1_Config)
    RCCEx_PLLSAI2_Config                     0x0800418d   Thumb Code   456  stm32l5xx_hal_rcc_ex.o(.text.RCCEx_PLLSAI2_Config)
    [Anonymous Symbol]                       0x0800418c   Section        0  stm32l5xx_hal_rcc_ex.o(.text.RCCEx_PLLSAI2_Config)
    RCC_GetSysClockFreqFromPLLSource         0x08004355   Thumb Code   244  stm32l5xx_hal_rcc.o(.text.RCC_GetSysClockFreqFromPLLSource)
    [Anonymous Symbol]                       0x08004354   Section        0  stm32l5xx_hal_rcc.o(.text.RCC_GetSysClockFreqFromPLLSource)
    RCC_SetFlashLatencyFromMSIRange          0x08004449   Thumb Code   258  stm32l5xx_hal_rcc.o(.text.RCC_SetFlashLatencyFromMSIRange)
    [Anonymous Symbol]                       0x08004448   Section        0  stm32l5xx_hal_rcc.o(.text.RCC_SetFlashLatencyFromMSIRange)
    [Anonymous Symbol]                       0x0800454c   Section        0  st7789h2.o(.text.ST7789H2_DeInit)
    ST7789H2_Delay                           0x080045c9   Thumb Code    56  st7789h2.o(.text.ST7789H2_Delay)
    [Anonymous Symbol]                       0x080045c8   Section        0  st7789h2.o(.text.ST7789H2_Delay)
    [Anonymous Symbol]                       0x08004600   Section        0  st7789h2.o(.text.ST7789H2_DisplayOff)
    [Anonymous Symbol]                       0x08004674   Section        0  st7789h2.o(.text.ST7789H2_DisplayOn)
    [Anonymous Symbol]                       0x080046d8   Section        0  st7789h2.o(.text.ST7789H2_DrawBitmap)
    [Anonymous Symbol]                       0x08004a6c   Section        0  st7789h2.o(.text.ST7789H2_DrawHLine)
    [Anonymous Symbol]                       0x08004b4c   Section        0  st7789h2.o(.text.ST7789H2_DrawVLine)
    [Anonymous Symbol]                       0x08004bbc   Section        0  st7789h2.o(.text.ST7789H2_FillRGBRect)
    [Anonymous Symbol]                       0x08004c88   Section        0  st7789h2.o(.text.ST7789H2_FillRect)
    [Anonymous Symbol]                       0x08004d00   Section        0  st7789h2.o(.text.ST7789H2_GetBrightness)
    [Anonymous Symbol]                       0x08004d18   Section        0  st7789h2.o(.text.ST7789H2_GetOrientation)
    [Anonymous Symbol]                       0x08004d38   Section        0  st7789h2.o(.text.ST7789H2_GetPixel)
    [Anonymous Symbol]                       0x08004dbc   Section        0  st7789h2.o(.text.ST7789H2_GetXSize)
    [Anonymous Symbol]                       0x08004dd8   Section        0  st7789h2.o(.text.ST7789H2_GetYSize)
    [Anonymous Symbol]                       0x08004df4   Section        0  st7789h2.o(.text.ST7789H2_Init)
    ST7789H2_PowerUp                         0x08005305   Thumb Code   280  bsp.o(.text.ST7789H2_PowerUp)
    [Anonymous Symbol]                       0x08005304   Section        0  bsp.o(.text.ST7789H2_PowerUp)
    ST7789H2_Probe                           0x0800541d   Thumb Code   308  bsp.o(.text.ST7789H2_Probe)
    [Anonymous Symbol]                       0x0800541c   Section        0  bsp.o(.text.ST7789H2_Probe)
    [Anonymous Symbol]                       0x08005550   Section        0  st7789h2.o(.text.ST7789H2_ReadID)
    ST7789H2_ReadRegWrap                     0x080055a1   Thumb Code    68  st7789h2.o(.text.ST7789H2_ReadRegWrap)
    [Anonymous Symbol]                       0x080055a0   Section        0  st7789h2.o(.text.ST7789H2_ReadRegWrap)
    [Anonymous Symbol]                       0x080055e4   Section        0  st7789h2.o(.text.ST7789H2_RegisterBusIO)
    ST7789H2_SendDataWrap                    0x08005689   Thumb Code    52  st7789h2.o(.text.ST7789H2_SendDataWrap)
    [Anonymous Symbol]                       0x08005688   Section        0  st7789h2.o(.text.ST7789H2_SendDataWrap)
    [Anonymous Symbol]                       0x080056bc   Section        0  st7789h2.o(.text.ST7789H2_SetBrightness)
    [Anonymous Symbol]                       0x080056d4   Section        0  st7789h2.o(.text.ST7789H2_SetCursor)
    [Anonymous Symbol]                       0x08005800   Section        0  st7789h2.o(.text.ST7789H2_SetOrientation)
    [Anonymous Symbol]                       0x08005878   Section        0  st7789h2.o(.text.ST7789H2_SetPixel)
    ST7789H2_WriteRegWrap                    0x080058d9   Thumb Code    68  st7789h2.o(.text.ST7789H2_WriteRegWrap)
    [Anonymous Symbol]                       0x080058d8   Section        0  st7789h2.o(.text.ST7789H2_WriteRegWrap)
    [Anonymous Symbol]                       0x0800591c   Section        0  stm32l5xx_it.o(.text.SVC_Handler)
    SysTick_Config                           0x08005921   Thumb Code    92  stm32l5xx_hal_cortex.o(.text.SysTick_Config)
    [Anonymous Symbol]                       0x08005920   Section        0  stm32l5xx_hal_cortex.o(.text.SysTick_Config)
    [Anonymous Symbol]                       0x0800597c   Section        0  stm32l5xx_it.o(.text.SysTick_Handler)
    [Anonymous Symbol]                       0x08005984   Section        0  main.o(.text.SystemClock_Config)
    [Anonymous Symbol]                       0x08005a48   Section        0  system_stm32l5xx.o(.text.SystemCoreClockUpdate)
    SystemHardwareInit                       0x08005bc9   Thumb Code   202  main.o(.text.SystemHardwareInit)
    [Anonymous Symbol]                       0x08005bc8   Section        0  main.o(.text.SystemHardwareInit)
    [Anonymous Symbol]                       0x08005c94   Section        0  system_stm32l5xx.o(.text.SystemInit)
    [Anonymous Symbol]                       0x08005ca8   Section        0  stm32_lcd.o(.text.UTIL_LCD_Clear)
    [Anonymous Symbol]                       0x08005cd8   Section        0  stm32_lcd.o(.text.UTIL_LCD_DisplayChar)
    [Anonymous Symbol]                       0x08005d28   Section        0  stm32_lcd.o(.text.UTIL_LCD_DisplayStringAt)
    [Anonymous Symbol]                       0x08005e88   Section        0  stm32_lcd.o(.text.UTIL_LCD_FillRGBRect)
    [Anonymous Symbol]                       0x08005ef4   Section        0  stm32_lcd.o(.text.UTIL_LCD_FillRect)
    [Anonymous Symbol]                       0x08005fc0   Section        0  stm32_lcd.o(.text.UTIL_LCD_SetBackColor)
    [Anonymous Symbol]                       0x08005fe0   Section        0  stm32_lcd.o(.text.UTIL_LCD_SetFont)
    [Anonymous Symbol]                       0x08006000   Section        0  stm32_lcd.o(.text.UTIL_LCD_SetFuncDriver)
    [Anonymous Symbol]                       0x080060a4   Section        0  stm32_lcd.o(.text.UTIL_LCD_SetTextColor)
    [Anonymous Symbol]                       0x080060c0   Section        0  stm32l5xx_it.o(.text.UsageFault_Handler)
    __NVIC_GetPriorityGrouping               0x080060c5   Thumb Code    16  stm32l5xx_hal_cortex.o(.text.__NVIC_GetPriorityGrouping)
    [Anonymous Symbol]                       0x080060c4   Section        0  stm32l5xx_hal_cortex.o(.text.__NVIC_GetPriorityGrouping)
    __NVIC_SetPriority                       0x080060d5   Thumb Code    74  stm32l5xx_hal_cortex.o(.text.__NVIC_SetPriority)
    [Anonymous Symbol]                       0x080060d4   Section        0  stm32l5xx_hal_cortex.o(.text.__NVIC_SetPriority)
    __NVIC_SetPriorityGrouping               0x08006121   Thumb Code    64  stm32l5xx_hal_cortex.o(.text.__NVIC_SetPriorityGrouping)
    [Anonymous Symbol]                       0x08006120   Section        0  stm32l5xx_hal_cortex.o(.text.__NVIC_SetPriorityGrouping)
    [Anonymous Symbol]                       0x08006160   Section        0  main.o(.text.main)
    [Anonymous Symbol]                       0x08006188   Section        0  st7789h2_reg.o(.text.st7789h2_read_reg)
    [Anonymous Symbol]                       0x080061c8   Section        0  st7789h2_reg.o(.text.st7789h2_send_data)
    [Anonymous Symbol]                       0x080061fc   Section        0  st7789h2_reg.o(.text.st7789h2_write_reg)
    $v0                                      0x0800623c   Number         0  fpinit.o(x$fpl$fpinit)
    x$fpl$fpinit                             0x0800623c   Section       26  fpinit.o(x$fpl$fpinit)
    .L.str.2                                 0x080078ec   Data          38  main.o(.rodata.str1.1)
    [Anonymous Symbol]                       0x080078ec   Section        0  main.o(.rodata.str1.1)
    .L.str.4                                 0x08007912   Data          11  main.o(.rodata.str1.1)
    .L.str                                   0x0800791d   Data          18  main.o(.rodata.str1.1)
    .L.str.1                                 0x0800792f   Data          16  main.o(.rodata.str1.1)
    .L.str.3                                 0x0800793f   Data          23  main.o(.rodata.str1.1)
    .bss                                     0x20000070   Section       96  libspace.o(.bss)
    DrawProp                                 0x200000d0   Data          64  stm32_lcd.o(.bss.DrawProp)
    [Anonymous Symbol]                       0x200000d0   Section        0  stm32_lcd.o(.bss.DrawProp)
    FMC_DeInitialized                        0x20000110   Data           4  fmc.o(.bss.FMC_DeInitialized)
    [Anonymous Symbol]                       0x20000110   Section        0  fmc.o(.bss.FMC_DeInitialized)
    FMC_Initialized                          0x20000114   Data           4  fmc.o(.bss.FMC_Initialized)
    [Anonymous Symbol]                       0x20000114   Section        0  fmc.o(.bss.FMC_Initialized)
    FuncDriver                               0x20000118   Data          44  stm32_lcd.o(.bss.FuncDriver)
    [Anonymous Symbol]                       0x20000118   Section        0  stm32_lcd.o(.bss.FuncDriver)
    MX_FMC_BANK1_Init.ExtendedTiming         0x20000150   Data          32  bsp.o(.bss.MX_FMC_BANK1_Init.ExtendedTiming)
    [Anonymous Symbol]                       0x20000150   Section        0  bsp.o(.bss.MX_FMC_BANK1_Init.ExtendedTiming)
    MX_FMC_BANK1_Init.SramTiming             0x20000170   Data          32  bsp.o(.bss.MX_FMC_BANK1_Init.SramTiming)
    [Anonymous Symbol]                       0x20000170   Section        0  bsp.o(.bss.MX_FMC_BANK1_Init.SramTiming)
    ST7789H2_Probe.ST7789H2Obj               0x20000190   Data          52  bsp.o(.bss.ST7789H2_Probe.ST7789H2Obj)
    [Anonymous Symbol]                       0x20000190   Section        0  bsp.o(.bss.ST7789H2_Probe.ST7789H2Obj)
    Heap_Mem                                 0x20000220   Data        8192  startup_stm32l562xx.o(HEAP)
    HEAP                                     0x20000220   Section     8192  startup_stm32l562xx.o(HEAP)
    Stack_Mem                                0x20002220   Data       16384  startup_stm32l562xx.o(STACK)
    STACK                                    0x20002220   Section    16384  startup_stm32l562xx.o(STACK)
    __initial_sp                             0x20006220   Data           0  startup_stm32l562xx.o(STACK)

    Global Symbols

    Symbol Name                              Value     Ov Type        Size  Object(Section)

    BuildAttributes$$THM_ISAv4$E$P$D$K$B$S$7EM$8M$VFPi5$EXTD16$VFPS$VFMA$PE$A:L22UL41UL21$X:L11$S22US41US21$IEEE1$IW$~IW$USESV6$~STKCKD$USESV7$~SHL$OSPACE$ROPI$EBA8$UX$STANDARDLIB$REQ8$PRES8$EABIv2 0x00000000   Number         0  anon$$obj.o ABSOLUTE
    __ARM_exceptions_init                     - Undefined Weak Reference
    __alloca_initialize                       - Undefined Weak Reference
    __arm_preinit_                            - Undefined Weak Reference
    __cpp_initialize__aeabi_                  - Undefined Weak Reference
    __cxa_finalize                            - Undefined Weak Reference
    __rt_locale                               - Undefined Weak Reference
    __sigvec_lookup                           - Undefined Weak Reference
    _atexit_init                              - Undefined Weak Reference
    _call_atexit_fns                          - Undefined Weak Reference
    _clock_init                               - Undefined Weak Reference
    _fp_trap_init                             - Undefined Weak Reference
    _fp_trap_shutdown                         - Undefined Weak Reference
    _get_lc_collate                           - Undefined Weak Reference
    _get_lc_ctype                             - Undefined Weak Reference
    _get_lc_monetary                          - Undefined Weak Reference
    _get_lc_numeric                           - Undefined Weak Reference
    _get_lc_time                              - Undefined Weak Reference
    _getenv_init                              - Undefined Weak Reference
    _handle_redirection                       - Undefined Weak Reference
    _init_alloc                               - Undefined Weak Reference
    _init_user_alloc                          - Undefined Weak Reference
    _initio                                   - Undefined Weak Reference
    _rand_init                                - Undefined Weak Reference
    _signal_finish                            - Undefined Weak Reference
    _signal_init                              - Undefined Weak Reference
    _terminate_alloc                          - Undefined Weak Reference
    _terminate_user_alloc                     - Undefined Weak Reference
    _terminateio                              - Undefined Weak Reference
    __Vectors_Size                           0x000001f4   Number         0  startup_stm32l562xx.o ABSOLUTE
    __Vectors                                0x08000000   Data           4  startup_stm32l562xx.o(RESET)
    __Vectors_End                            0x080001f4   Data           0  startup_stm32l562xx.o(RESET)
    __main                                   0x080001f5   Thumb Code     8  __main.o(!!!main)
    __scatterload                            0x080001fd   Thumb Code     0  __scatter.o(!!!scatter)
    __scatterload_rt2                        0x080001fd   Thumb Code    44  __scatter.o(!!!scatter)
    __scatterload_rt2_thumb_only             0x080001fd   Thumb Code     0  __scatter.o(!!!scatter)
    __scatterload_null                       0x0800020b   Thumb Code     0  __scatter.o(!!!scatter)
    __scatterload_copy                       0x08000231   Thumb Code    26  __scatter_copy.o(!!handler_copy)
    __scatterload_zeroinit                   0x0800024d   Thumb Code    28  __scatter_zi.o(!!handler_zi)
    __rt_lib_init                            0x08000269   Thumb Code     0  libinit.o(.ARM.Collect$$libinit$$00000000)
    __rt_lib_init_fp_1                       0x0800026b   Thumb Code     0  libinit2.o(.ARM.Collect$$libinit$$00000001)
    __rt_lib_init_argv_1                     0x0800026f   Thumb Code     0  libinit2.o(.ARM.Collect$$libinit$$00000027)
    __rt_lib_init_atexit_1                   0x0800026f   Thumb Code     0  libinit2.o(.ARM.Collect$$libinit$$0000001B)
    __rt_lib_init_clock_1                    0x0800026f   Thumb Code     0  libinit2.o(.ARM.Collect$$libinit$$00000021)
    __rt_lib_init_fp_trap_1                  0x0800026f   Thumb Code     0  libinit2.o(.ARM.Collect$$libinit$$0000001F)
    __rt_lib_init_getenv_1                   0x0800026f   Thumb Code     0  libinit2.o(.ARM.Collect$$libinit$$00000023)
    __rt_lib_init_heap_1                     0x0800026f   Thumb Code     0  libinit2.o(.ARM.Collect$$libinit$$0000000A)
    __rt_lib_init_heapregion_libspace_used   0x0800026f   Thumb Code     0  libinit2.o(.ARM.Collect$$libinit$$00000027)
    __rt_lib_init_lc_collate_1               0x0800026f   Thumb Code     0  libinit2.o(.ARM.Collect$$libinit$$00000011)
    __rt_lib_init_lc_ctype_1                 0x0800026f   Thumb Code     0  libinit2.o(.ARM.Collect$$libinit$$00000013)
    __rt_lib_init_lc_monetary_1              0x0800026f   Thumb Code     0  libinit2.o(.ARM.Collect$$libinit$$00000015)
    __rt_lib_init_lc_numeric_1               0x0800026f   Thumb Code     0  libinit2.o(.ARM.Collect$$libinit$$00000017)
    __rt_lib_init_lc_time_1                  0x0800026f   Thumb Code     0  libinit2.o(.ARM.Collect$$libinit$$00000019)
    __rt_lib_init_preinit_1                  0x0800026f   Thumb Code     0  libinit2.o(.ARM.Collect$$libinit$$00000004)
    __rt_lib_init_rand_1                     0x0800026f   Thumb Code     0  libinit2.o(.ARM.Collect$$libinit$$0000000E)
    __rt_lib_init_signal_1                   0x0800026f   Thumb Code     0  libinit2.o(.ARM.Collect$$libinit$$0000001D)
    __rt_lib_init_stdio_1                    0x0800026f   Thumb Code     0  libinit2.o(.ARM.Collect$$libinit$$00000025)
    __rt_lib_init_user_alloc_1               0x0800026f   Thumb Code     0  libinit2.o(.ARM.Collect$$libinit$$0000000C)
    __rt_lib_init_alloca_1                   0x08000277   Thumb Code     0  libinit2.o(.ARM.Collect$$libinit$$0000002E)
    __rt_lib_init_cpp_1                      0x08000277   Thumb Code     0  libinit2.o(.ARM.Collect$$libinit$$00000032)
    __rt_lib_init_exceptions_1               0x08000277   Thumb Code     0  libinit2.o(.ARM.Collect$$libinit$$00000030)
    __rt_lib_init_return                     0x08000277   Thumb Code     0  libinit2.o(.ARM.Collect$$libinit$$00000033)
    __rt_lib_shutdown                        0x08000279   Thumb Code     0  libshutdown.o(.ARM.Collect$$libshutdown$$00000000)
    __rt_lib_shutdown_cpp_1                  0x0800027b   Thumb Code     0  libshutdown2.o(.ARM.Collect$$libshutdown$$00000002)
    __rt_lib_shutdown_fp_trap_1              0x0800027b   Thumb Code     0  libshutdown2.o(.ARM.Collect$$libshutdown$$00000007)
    __rt_lib_shutdown_heap_1                 0x0800027b   Thumb Code     0  libshutdown2.o(.ARM.Collect$$libshutdown$$0000000F)
    __rt_lib_shutdown_return                 0x0800027b   Thumb Code     0  libshutdown2.o(.ARM.Collect$$libshutdown$$00000010)
    __rt_lib_shutdown_signal_1               0x0800027b   Thumb Code     0  libshutdown2.o(.ARM.Collect$$libshutdown$$0000000A)
    __rt_lib_shutdown_stdio_1                0x0800027b   Thumb Code     0  libshutdown2.o(.ARM.Collect$$libshutdown$$00000004)
    __rt_lib_shutdown_user_alloc_1           0x0800027b   Thumb Code     0  libshutdown2.o(.ARM.Collect$$libshutdown$$0000000C)
    __rt_entry                               0x0800027d   Thumb Code     0  __rtentry.o(.ARM.Collect$$rtentry$$00000000)
    __rt_entry_presh_1                       0x0800027d   Thumb Code     0  __rtentry2.o(.ARM.Collect$$rtentry$$00000002)
    __rt_entry_sh                            0x0800027d   Thumb Code     0  __rtentry4.o(.ARM.Collect$$rtentry$$00000004)
    __rt_entry_li                            0x08000283   Thumb Code     0  __rtentry2.o(.ARM.Collect$$rtentry$$0000000A)
    __rt_entry_postsh_1                      0x08000283   Thumb Code     0  __rtentry2.o(.ARM.Collect$$rtentry$$00000009)
    __rt_entry_main                          0x08000287   Thumb Code     0  __rtentry2.o(.ARM.Collect$$rtentry$$0000000D)
    __rt_entry_postli_1                      0x08000287   Thumb Code     0  __rtentry2.o(.ARM.Collect$$rtentry$$0000000C)
    __rt_exit                                0x0800028f   Thumb Code     0  rtexit.o(.ARM.Collect$$rtexit$$00000000)
    __rt_exit_ls                             0x08000291   Thumb Code     0  rtexit2.o(.ARM.Collect$$rtexit$$00000003)
    __rt_exit_prels_1                        0x08000291   Thumb Code     0  rtexit2.o(.ARM.Collect$$rtexit$$00000002)
    __rt_exit_exit                           0x08000295   Thumb Code     0  rtexit2.o(.ARM.Collect$$rtexit$$00000004)
    __ARM_argv_veneer                        0x0800029d   Thumb Code     4  argv_veneer.o(.emb_text)
    Reset_Handler                            0x080002a1   Thumb Code     8  startup_stm32l562xx.o(.text)
    SecureFault_Handler                      0x080002b3   Thumb Code     2  startup_stm32l562xx.o(.text)
    ADC1_2_IRQHandler                        0x080002bd   Thumb Code     0  startup_stm32l562xx.o(.text)
    AES_IRQHandler                           0x080002bd   Thumb Code     0  startup_stm32l562xx.o(.text)
    COMP_IRQHandler                          0x080002bd   Thumb Code     0  startup_stm32l562xx.o(.text)
    CRS_IRQHandler                           0x080002bd   Thumb Code     0  startup_stm32l562xx.o(.text)
    DAC_IRQHandler                           0x080002bd   Thumb Code     0  startup_stm32l562xx.o(.text)
    DFSDM1_FLT0_IRQHandler                   0x080002bd   Thumb Code     0  startup_stm32l562xx.o(.text)
    DFSDM1_FLT1_IRQHandler                   0x080002bd   Thumb Code     0  startup_stm32l562xx.o(.text)
    DFSDM1_FLT2_IRQHandler                   0x080002bd   Thumb Code     0  startup_stm32l562xx.o(.text)
    DFSDM1_FLT3_IRQHandler                   0x080002bd   Thumb Code     0  startup_stm32l562xx.o(.text)
    DMA1_Channel1_IRQHandler                 0x080002bd   Thumb Code     0  startup_stm32l562xx.o(.text)
    DMA1_Channel2_IRQHandler                 0x080002bd   Thumb Code     0  startup_stm32l562xx.o(.text)
    DMA1_Channel3_IRQHandler                 0x080002bd   Thumb Code     0  startup_stm32l562xx.o(.text)
    DMA1_Channel4_IRQHandler                 0x080002bd   Thumb Code     0  startup_stm32l562xx.o(.text)
    DMA1_Channel5_IRQHandler                 0x080002bd   Thumb Code     0  startup_stm32l562xx.o(.text)
    DMA1_Channel6_IRQHandler                 0x080002bd   Thumb Code     0  startup_stm32l562xx.o(.text)
    DMA1_Channel7_IRQHandler                 0x080002bd   Thumb Code     0  startup_stm32l562xx.o(.text)
    DMA1_Channel8_IRQHandler                 0x080002bd   Thumb Code     0  startup_stm32l562xx.o(.text)
    DMA2_Channel1_IRQHandler                 0x080002bd   Thumb Code     0  startup_stm32l562xx.o(.text)
    DMA2_Channel2_IRQHandler                 0x080002bd   Thumb Code     0  startup_stm32l562xx.o(.text)
    DMA2_Channel3_IRQHandler                 0x080002bd   Thumb Code     0  startup_stm32l562xx.o(.text)
    DMA2_Channel4_IRQHandler                 0x080002bd   Thumb Code     0  startup_stm32l562xx.o(.text)
    DMA2_Channel5_IRQHandler                 0x080002bd   Thumb Code     0  startup_stm32l562xx.o(.text)
    DMA2_Channel6_IRQHandler                 0x080002bd   Thumb Code     0  startup_stm32l562xx.o(.text)
    DMA2_Channel7_IRQHandler                 0x080002bd   Thumb Code     0  startup_stm32l562xx.o(.text)
    DMA2_Channel8_IRQHandler                 0x080002bd   Thumb Code     0  startup_stm32l562xx.o(.text)
    DMAMUX1_IRQHandler                       0x080002bd   Thumb Code     0  startup_stm32l562xx.o(.text)
    DMAMUX1_S_IRQHandler                     0x080002bd   Thumb Code     0  startup_stm32l562xx.o(.text)
    EXTI0_IRQHandler                         0x080002bd   Thumb Code     0  startup_stm32l562xx.o(.text)
    EXTI10_IRQHandler                        0x080002bd   Thumb Code     0  startup_stm32l562xx.o(.text)
    EXTI11_IRQHandler                        0x080002bd   Thumb Code     0  startup_stm32l562xx.o(.text)
    EXTI12_IRQHandler                        0x080002bd   Thumb Code     0  startup_stm32l562xx.o(.text)
    EXTI13_IRQHandler                        0x080002bd   Thumb Code     0  startup_stm32l562xx.o(.text)
    EXTI14_IRQHandler                        0x080002bd   Thumb Code     0  startup_stm32l562xx.o(.text)
    EXTI15_IRQHandler                        0x080002bd   Thumb Code     0  startup_stm32l562xx.o(.text)
    EXTI1_IRQHandler                         0x080002bd   Thumb Code     0  startup_stm32l562xx.o(.text)
    EXTI2_IRQHandler                         0x080002bd   Thumb Code     0  startup_stm32l562xx.o(.text)
    EXTI3_IRQHandler                         0x080002bd   Thumb Code     0  startup_stm32l562xx.o(.text)
    EXTI4_IRQHandler                         0x080002bd   Thumb Code     0  startup_stm32l562xx.o(.text)
    EXTI5_IRQHandler                         0x080002bd   Thumb Code     0  startup_stm32l562xx.o(.text)
    EXTI6_IRQHandler                         0x080002bd   Thumb Code     0  startup_stm32l562xx.o(.text)
    EXTI7_IRQHandler                         0x080002bd   Thumb Code     0  startup_stm32l562xx.o(.text)
    EXTI8_IRQHandler                         0x080002bd   Thumb Code     0  startup_stm32l562xx.o(.text)
    EXTI9_IRQHandler                         0x080002bd   Thumb Code     0  startup_stm32l562xx.o(.text)
    FDCAN1_IT0_IRQHandler                    0x080002bd   Thumb Code     0  startup_stm32l562xx.o(.text)
    FDCAN1_IT1_IRQHandler                    0x080002bd   Thumb Code     0  startup_stm32l562xx.o(.text)
    FLASH_IRQHandler                         0x080002bd   Thumb Code     0  startup_stm32l562xx.o(.text)
    FLASH_S_IRQHandler                       0x080002bd   Thumb Code     0  startup_stm32l562xx.o(.text)
    FMC_IRQHandler                           0x080002bd   Thumb Code     0  startup_stm32l562xx.o(.text)
    FPU_IRQHandler                           0x080002bd   Thumb Code     0  startup_stm32l562xx.o(.text)
    GTZC_IRQHandler                          0x080002bd   Thumb Code     0  startup_stm32l562xx.o(.text)
    HASH_IRQHandler                          0x080002bd   Thumb Code     0  startup_stm32l562xx.o(.text)
    I2C1_ER_IRQHandler                       0x080002bd   Thumb Code     0  startup_stm32l562xx.o(.text)
    I2C1_EV_IRQHandler                       0x080002bd   Thumb Code     0  startup_stm32l562xx.o(.text)
    I2C2_ER_IRQHandler                       0x080002bd   Thumb Code     0  startup_stm32l562xx.o(.text)
    I2C2_EV_IRQHandler                       0x080002bd   Thumb Code     0  startup_stm32l562xx.o(.text)
    I2C3_ER_IRQHandler                       0x080002bd   Thumb Code     0  startup_stm32l562xx.o(.text)
    I2C3_EV_IRQHandler                       0x080002bd   Thumb Code     0  startup_stm32l562xx.o(.text)
    I2C4_ER_IRQHandler                       0x080002bd   Thumb Code     0  startup_stm32l562xx.o(.text)
    I2C4_EV_IRQHandler                       0x080002bd   Thumb Code     0  startup_stm32l562xx.o(.text)
    ICACHE_IRQHandler                        0x080002bd   Thumb Code     0  startup_stm32l562xx.o(.text)
    LPTIM1_IRQHandler                        0x080002bd   Thumb Code     0  startup_stm32l562xx.o(.text)
    LPTIM2_IRQHandler                        0x080002bd   Thumb Code     0  startup_stm32l562xx.o(.text)
    LPTIM3_IRQHandler                        0x080002bd   Thumb Code     0  startup_stm32l562xx.o(.text)
    LPUART1_IRQHandler                       0x080002bd   Thumb Code     0  startup_stm32l562xx.o(.text)
    OCTOSPI1_IRQHandler                      0x080002bd   Thumb Code     0  startup_stm32l562xx.o(.text)
    OTFDEC1_IRQHandler                       0x080002bd   Thumb Code     0  startup_stm32l562xx.o(.text)
    PKA_IRQHandler                           0x080002bd   Thumb Code     0  startup_stm32l562xx.o(.text)
    PVD_PVM_IRQHandler                       0x080002bd   Thumb Code     0  startup_stm32l562xx.o(.text)
    RCC_IRQHandler                           0x080002bd   Thumb Code     0  startup_stm32l562xx.o(.text)
    RCC_S_IRQHandler                         0x080002bd   Thumb Code     0  startup_stm32l562xx.o(.text)
    RNG_IRQHandler                           0x080002bd   Thumb Code     0  startup_stm32l562xx.o(.text)
    RTC_IRQHandler                           0x080002bd   Thumb Code     0  startup_stm32l562xx.o(.text)
    RTC_S_IRQHandler                         0x080002bd   Thumb Code     0  startup_stm32l562xx.o(.text)
    SAI1_IRQHandler                          0x080002bd   Thumb Code     0  startup_stm32l562xx.o(.text)
    SAI2_IRQHandler                          0x080002bd   Thumb Code     0  startup_stm32l562xx.o(.text)
    SDMMC1_IRQHandler                        0x080002bd   Thumb Code     0  startup_stm32l562xx.o(.text)
    SPI1_IRQHandler                          0x080002bd   Thumb Code     0  startup_stm32l562xx.o(.text)
    SPI2_IRQHandler                          0x080002bd   Thumb Code     0  startup_stm32l562xx.o(.text)
    SPI3_IRQHandler                          0x080002bd   Thumb Code     0  startup_stm32l562xx.o(.text)
    TAMP_IRQHandler                          0x080002bd   Thumb Code     0  startup_stm32l562xx.o(.text)
    TAMP_S_IRQHandler                        0x080002bd   Thumb Code     0  startup_stm32l562xx.o(.text)
    TIM15_IRQHandler                         0x080002bd   Thumb Code     0  startup_stm32l562xx.o(.text)
    TIM16_IRQHandler                         0x080002bd   Thumb Code     0  startup_stm32l562xx.o(.text)
    TIM17_IRQHandler                         0x080002bd   Thumb Code     0  startup_stm32l562xx.o(.text)
    TIM1_BRK_IRQHandler                      0x080002bd   Thumb Code     0  startup_stm32l562xx.o(.text)
    TIM1_CC_IRQHandler                       0x080002bd   Thumb Code     0  startup_stm32l562xx.o(.text)
    TIM1_TRG_COM_IRQHandler                  0x080002bd   Thumb Code     0  startup_stm32l562xx.o(.text)
    TIM1_UP_IRQHandler                       0x080002bd   Thumb Code     0  startup_stm32l562xx.o(.text)
    TIM2_IRQHandler                          0x080002bd   Thumb Code     0  startup_stm32l562xx.o(.text)
    TIM3_IRQHandler                          0x080002bd   Thumb Code     0  startup_stm32l562xx.o(.text)
    TIM4_IRQHandler                          0x080002bd   Thumb Code     0  startup_stm32l562xx.o(.text)
    TIM5_IRQHandler                          0x080002bd   Thumb Code     0  startup_stm32l562xx.o(.text)
    TIM6_IRQHandler                          0x080002bd   Thumb Code     0  startup_stm32l562xx.o(.text)
    TIM7_IRQHandler                          0x080002bd   Thumb Code     0  startup_stm32l562xx.o(.text)
    TIM8_BRK_IRQHandler                      0x080002bd   Thumb Code     0  startup_stm32l562xx.o(.text)
    TIM8_CC_IRQHandler                       0x080002bd   Thumb Code     0  startup_stm32l562xx.o(.text)
    TIM8_TRG_COM_IRQHandler                  0x080002bd   Thumb Code     0  startup_stm32l562xx.o(.text)
    TIM8_UP_IRQHandler                       0x080002bd   Thumb Code     0  startup_stm32l562xx.o(.text)
    TSC_IRQHandler                           0x080002bd   Thumb Code     0  startup_stm32l562xx.o(.text)
    UART4_IRQHandler                         0x080002bd   Thumb Code     0  startup_stm32l562xx.o(.text)
    UART5_IRQHandler                         0x080002bd   Thumb Code     0  startup_stm32l562xx.o(.text)
    UCPD1_IRQHandler                         0x080002bd   Thumb Code     0  startup_stm32l562xx.o(.text)
    USART1_IRQHandler                        0x080002bd   Thumb Code     0  startup_stm32l562xx.o(.text)
    USART2_IRQHandler                        0x080002bd   Thumb Code     0  startup_stm32l562xx.o(.text)
    USART3_IRQHandler                        0x080002bd   Thumb Code     0  startup_stm32l562xx.o(.text)
    USB_FS_IRQHandler                        0x080002bd   Thumb Code     0  startup_stm32l562xx.o(.text)
    WWDG_IRQHandler                          0x080002bd   Thumb Code     0  startup_stm32l562xx.o(.text)
    __user_initial_stackheap                 0x080002c1   Thumb Code    10  startup_stm32l562xx.o(.text)
    __aeabi_memclr4                          0x080002e5   Thumb Code     0  rt_memclr_w.o(.text)
    __aeabi_memclr8                          0x080002e5   Thumb Code     0  rt_memclr_w.o(.text)
    __rt_memclr_w                            0x080002e5   Thumb Code    78  rt_memclr_w.o(.text)
    _memset_w                                0x080002e9   Thumb Code     0  rt_memclr_w.o(.text)
    __use_two_region_memory                  0x08000333   Thumb Code     2  heapauxi.o(.text)
    __rt_heap_escrow$2region                 0x08000335   Thumb Code     2  heapauxi.o(.text)
    __rt_heap_expand$2region                 0x08000337   Thumb Code     2  heapauxi.o(.text)
    __user_setup_stackheap                   0x08000339   Thumb Code    74  sys_stackheap_outer.o(.text)
    exit                                     0x08000383   Thumb Code    18  exit.o(.text)
    __user_libspace                          0x08000395   Thumb Code     8  libspace.o(.text)
    __user_perproc_libspace                  0x08000395   Thumb Code     0  libspace.o(.text)
    __user_perthread_libspace                0x08000395   Thumb Code     0  libspace.o(.text)
    __sig_exit                               0x0800039d   Thumb Code    10  defsig_exit.o(.text)
    _sys_exit                                0x080003a9   Thumb Code     8  sys_exit.o(.text)
    __default_signal_display                 0x080003b5   Thumb Code    50  defsig_general.o(.text)
    _ttywrch                                 0x080003e7   Thumb Code    14  sys_wrch.o(.text)
    __I$use$semihosting                      0x080003f5   Thumb Code     0  use_no_semi.o(.text)
    __use_no_semihosting_swi                 0x080003f5   Thumb Code     2  use_no_semi.o(.text)
    __argv_alloc                             0x080003f7   Thumb Code    34  _get_argv_nomalloc.o(.text)
    __semihosting_library_function           0x080003f7   Thumb Code     0  indicate_semi.o(.text)
    __ARM_get_argv                           0x08000419   Thumb Code   268  _get_argv_nomalloc.o(.text)
    _sys_command_string                      0x08000525   Thumb Code    24  sys_command.o(.text)
    __use_no_heap_region                     0x0800053d   Thumb Code     2  hrguard.o(.text)
    __heap_region$guard                      0x0800053f   Thumb Code     2  hrguard.o(.text)
    __rt_SIGRTMEM_inner                      0x08000541   Thumb Code    22  defsig_rtmem_inner.o(.text)
    __rt_SIGRTMEM                            0x08000591   Thumb Code    14  defsig_rtmem_outer.o(.text)
    BSP_LCD_DisplayOn                        0x080005a1   Thumb Code    84  bsp.o(.text.BSP_LCD_DisplayOn)
    BSP_LCD_DrawBitmap                       0x080005f5   Thumb Code   126  bsp.o(.text.BSP_LCD_DrawBitmap)
    BSP_LCD_DrawHLine                        0x08000675   Thumb Code   142  bsp.o(.text.BSP_LCD_DrawHLine)
    BSP_LCD_DrawVLine                        0x08000705   Thumb Code   142  bsp.o(.text.BSP_LCD_DrawVLine)
    BSP_LCD_FillRGBRect                      0x08000795   Thumb Code   152  bsp.o(.text.BSP_LCD_FillRGBRect)
    BSP_LCD_FillRect                         0x0800082d   Thumb Code   152  bsp.o(.text.BSP_LCD_FillRect)
    BSP_LCD_GetFormat                        0x080008c5   Thumb Code    48  bsp.o(.text.BSP_LCD_GetFormat)
    BSP_LCD_GetXSize                         0x080008f5   Thumb Code   106  bsp.o(.text.BSP_LCD_GetXSize)
    BSP_LCD_GetYSize                         0x08000961   Thumb Code   106  bsp.o(.text.BSP_LCD_GetYSize)
    BSP_LCD_Init                             0x080009cd   Thumb Code    76  bsp.o(.text.BSP_LCD_Init)
    BSP_LCD_ReadPixel                        0x08000a19   Thumb Code   126  bsp.o(.text.BSP_LCD_ReadPixel)
    BSP_LCD_SetActiveLayer                   0x08000a99   Thumb Code    42  bsp.o(.text.BSP_LCD_SetActiveLayer)
    BSP_LCD_WritePixel                       0x08000ac5   Thumb Code   126  bsp.o(.text.BSP_LCD_WritePixel)
    BusFault_Handler                         0x08000b45   Thumb Code     4  stm32l5xx_it.o(.text.BusFault_Handler)
    DebugMon_Handler                         0x08000b49   Thumb Code     2  stm32l5xx_it.o(.text.DebugMon_Handler)
    Error_Handler                            0x08000e45   Thumb Code    14  main.o(.text.Error_Handler)
    FMC_NORSRAM_DeInit                       0x08000fb5   Thumb Code   180  stm32l5xx_ll_fmc.o(.text.FMC_NORSRAM_DeInit)
    FMC_NORSRAM_Extended_Timing_Init         0x08001069   Thumb Code   122  stm32l5xx_ll_fmc.o(.text.FMC_NORSRAM_Extended_Timing_Init)
    FMC_NORSRAM_Init                         0x080010e5   Thumb Code   406  stm32l5xx_ll_fmc.o(.text.FMC_NORSRAM_Init)
    FMC_NORSRAM_Timing_Init                  0x0800127d   Thumb Code   168  stm32l5xx_ll_fmc.o(.text.FMC_NORSRAM_Timing_Init)
    HAL_Delay                                0x08001325   Thumb Code    78  stm32l5xx_hal.o(.text.HAL_Delay)
    HAL_GPIO_DeInit                          0x080014b1   Thumb Code   536  stm32l5xx_hal_gpio.o(.text.HAL_GPIO_DeInit)
    HAL_GPIO_Init                            0x080016c9   Thumb Code   898  stm32l5xx_hal_gpio.o(.text.HAL_GPIO_Init)
    HAL_GPIO_WritePin                        0x08001a4d   Thumb Code    64  stm32l5xx_hal_gpio.o(.text.HAL_GPIO_WritePin)
    HAL_GetTick                              0x08001a8d   Thumb Code    12  stm32l5xx_hal.o(.text.HAL_GetTick)
    HAL_IncTick                              0x08001a99   Thumb Code    26  stm32l5xx_hal.o(.text.HAL_IncTick)
    HAL_Init                                 0x08001ab5   Thumb Code    58  stm32l5xx_hal.o(.text.HAL_Init)
    HAL_InitTick                             0x08001af1   Thumb Code   144  stm32l5xx_hal.o(.text.HAL_InitTick)
    HAL_MspInit                              0x08001b81   Thumb Code    70  stm32l5xx_hal_msp.o(.text.HAL_MspInit)
    HAL_NVIC_SetPriority                     0x08001bc9   Thumb Code    72  stm32l5xx_hal_cortex.o(.text.HAL_NVIC_SetPriority)
    HAL_NVIC_SetPriorityGrouping             0x08001c11   Thumb Code    20  stm32l5xx_hal_cortex.o(.text.HAL_NVIC_SetPriorityGrouping)
    HAL_PWREx_ControlVoltageScaling          0x08001c25   Thumb Code   262  stm32l5xx_hal_pwr_ex.o(.text.HAL_PWREx_ControlVoltageScaling)
    HAL_PWREx_EnableVddIO2                   0x08001d2d   Thumb Code    18  stm32l5xx_hal_pwr_ex.o(.text.HAL_PWREx_EnableVddIO2)
    HAL_PWREx_GetVoltageRange                0x08001d41   Thumb Code    16  stm32l5xx_hal_pwr_ex.o(.text.HAL_PWREx_GetVoltageRange)
    HAL_PWREx_SMPS_GetEffectiveMode          0x08001d51   Thumb Code    68  stm32l5xx_hal_pwr_ex.o(.text.HAL_PWREx_SMPS_GetEffectiveMode)
    HAL_PWR_EnableBkUpAccess                 0x08001d95   Thumb Code    18  stm32l5xx_hal_pwr.o(.text.HAL_PWR_EnableBkUpAccess)
    HAL_RCCEx_EnableMSIPLLMode               0x08001da9   Thumb Code    18  stm32l5xx_hal_rcc_ex.o(.text.HAL_RCCEx_EnableMSIPLLMode)
    HAL_RCCEx_PeriphCLKConfig                0x08001dbd   Thumb Code  2064  stm32l5xx_hal_rcc_ex.o(.text.HAL_RCCEx_PeriphCLKConfig)
    HAL_RCC_ClockConfig                      0x080025cd   Thumb Code   846  stm32l5xx_hal_rcc.o(.text.HAL_RCC_ClockConfig)
    HAL_RCC_GetHCLKFreq                      0x0800291d   Thumb Code    42  stm32l5xx_hal_rcc.o(.text.HAL_RCC_GetHCLKFreq)
    HAL_RCC_GetSysClockFreq                  0x08002949   Thumb Code   402  stm32l5xx_hal_rcc.o(.text.HAL_RCC_GetSysClockFreq)
    HAL_RCC_OscConfig                        0x08002add   Thumb Code  3276  stm32l5xx_hal_rcc.o(.text.HAL_RCC_OscConfig)
    HAL_SRAM_DeInit                          0x080037a9   Thumb Code    62  stm32l5xx_hal_sram.o(.text.HAL_SRAM_DeInit)
    HAL_SRAM_GetState                        0x080037e9   Thumb Code    18  stm32l5xx_hal_sram.o(.text.HAL_SRAM_GetState)
    HAL_SRAM_Init                            0x080037fd   Thumb Code   182  stm32l5xx_hal_sram.o(.text.HAL_SRAM_Init)
    HAL_SRAM_MspDeInit                       0x080038b5   Thumb Code    18  fmc.o(.text.HAL_SRAM_MspDeInit)
    HAL_SRAM_MspInit                         0x080038c9   Thumb Code    18  fmc.o(.text.HAL_SRAM_MspInit)
    HAL_SYSTICK_Config                       0x080038dd   Thumb Code    20  stm32l5xx_hal_cortex.o(.text.HAL_SYSTICK_Config)
    HardFault_Handler                        0x080038f1   Thumb Code     4  stm32l5xx_it.o(.text.HardFault_Handler)
    MX_FMC_BANK1_Init                        0x08003b15   Thumb Code   188  bsp.o(.text.MX_FMC_BANK1_Init)
    MX_GPIO_Init                             0x08003bd1   Thumb Code   636  gpio.o(.text.MX_GPIO_Init)
    MemManage_Handler                        0x08003e4d   Thumb Code     4  stm32l5xx_it.o(.text.MemManage_Handler)
    NMI_Handler                              0x08003e51   Thumb Code     4  stm32l5xx_it.o(.text.NMI_Handler)
    PendSV_Handler                           0x08003ed5   Thumb Code     2  stm32l5xx_it.o(.text.PendSV_Handler)
    PeriphCommonClock_Config                 0x08003ed9   Thumb Code    80  main.o(.text.PeriphCommonClock_Config)
    ST7789H2_DeInit                          0x0800454d   Thumb Code   122  st7789h2.o(.text.ST7789H2_DeInit)
    ST7789H2_DisplayOff                      0x08004601   Thumb Code   114  st7789h2.o(.text.ST7789H2_DisplayOff)
    ST7789H2_DisplayOn                       0x08004675   Thumb Code    98  st7789h2.o(.text.ST7789H2_DisplayOn)
    ST7789H2_DrawBitmap                      0x080046d9   Thumb Code   914  st7789h2.o(.text.ST7789H2_DrawBitmap)
    ST7789H2_DrawHLine                       0x08004a6d   Thumb Code   224  st7789h2.o(.text.ST7789H2_DrawHLine)
    ST7789H2_DrawVLine                       0x08004b4d   Thumb Code   110  st7789h2.o(.text.ST7789H2_DrawVLine)
    ST7789H2_FillRGBRect                     0x08004bbd   Thumb Code   204  st7789h2.o(.text.ST7789H2_FillRGBRect)
    ST7789H2_FillRect                        0x08004c89   Thumb Code   118  st7789h2.o(.text.ST7789H2_FillRect)
    ST7789H2_GetBrightness                   0x08004d01   Thumb Code    22  st7789h2.o(.text.ST7789H2_GetBrightness)
    ST7789H2_GetOrientation                  0x08004d19   Thumb Code    32  st7789h2.o(.text.ST7789H2_GetOrientation)
    ST7789H2_GetPixel                        0x08004d39   Thumb Code   132  st7789h2.o(.text.ST7789H2_GetPixel)
    ST7789H2_GetXSize                        0x08004dbd   Thumb Code    26  st7789h2.o(.text.ST7789H2_GetXSize)
    ST7789H2_GetYSize                        0x08004dd9   Thumb Code    26  st7789h2.o(.text.ST7789H2_GetYSize)
    ST7789H2_Init                            0x08004df5   Thumb Code  1294  st7789h2.o(.text.ST7789H2_Init)
    ST7789H2_ReadID                          0x08005551   Thumb Code    78  st7789h2.o(.text.ST7789H2_ReadID)
    ST7789H2_RegisterBusIO                   0x080055e5   Thumb Code   164  st7789h2.o(.text.ST7789H2_RegisterBusIO)
    ST7789H2_SetBrightness                   0x080056bd   Thumb Code    22  st7789h2.o(.text.ST7789H2_SetBrightness)
    ST7789H2_SetCursor                       0x080056d5   Thumb Code   300  st7789h2.o(.text.ST7789H2_SetCursor)
    ST7789H2_SetOrientation                  0x08005801   Thumb Code   120  st7789h2.o(.text.ST7789H2_SetOrientation)
    ST7789H2_SetPixel                        0x08005879   Thumb Code    94  st7789h2.o(.text.ST7789H2_SetPixel)
    SVC_Handler                              0x0800591d   Thumb Code     2  stm32l5xx_it.o(.text.SVC_Handler)
    SysTick_Handler                          0x0800597d   Thumb Code     8  stm32l5xx_it.o(.text.SysTick_Handler)
    SystemClock_Config                       0x08005985   Thumb Code   194  main.o(.text.SystemClock_Config)
    SystemCoreClockUpdate                    0x08005a49   Thumb Code   382  system_stm32l5xx.o(.text.SystemCoreClockUpdate)
    SystemInit                               0x08005c95   Thumb Code    18  system_stm32l5xx.o(.text.SystemInit)
    UTIL_LCD_Clear                           0x08005ca9   Thumb Code    48  stm32_lcd.o(.text.UTIL_LCD_Clear)
    UTIL_LCD_DisplayChar                     0x08005cd9   Thumb Code    80  stm32_lcd.o(.text.UTIL_LCD_DisplayChar)
    UTIL_LCD_DisplayStringAt                 0x08005d29   Thumb Code   352  stm32_lcd.o(.text.UTIL_LCD_DisplayStringAt)
    UTIL_LCD_FillRGBRect                     0x08005e89   Thumb Code   106  stm32_lcd.o(.text.UTIL_LCD_FillRGBRect)
    UTIL_LCD_FillRect                        0x08005ef5   Thumb Code   202  stm32_lcd.o(.text.UTIL_LCD_FillRect)
    UTIL_LCD_SetBackColor                    0x08005fc1   Thumb Code    30  stm32_lcd.o(.text.UTIL_LCD_SetBackColor)
    UTIL_LCD_SetFont                         0x08005fe1   Thumb Code    30  stm32_lcd.o(.text.UTIL_LCD_SetFont)
    UTIL_LCD_SetFuncDriver                   0x08006001   Thumb Code   164  stm32_lcd.o(.text.UTIL_LCD_SetFuncDriver)
    UTIL_LCD_SetTextColor                    0x080060a5   Thumb Code    28  stm32_lcd.o(.text.UTIL_LCD_SetTextColor)
    UsageFault_Handler                       0x080060c1   Thumb Code     4  stm32l5xx_it.o(.text.UsageFault_Handler)
    main                                     0x08006161   Thumb Code    38  main.o(.text.main)
    st7789h2_read_reg                        0x08006189   Thumb Code    64  st7789h2_reg.o(.text.st7789h2_read_reg)
    st7789h2_send_data                       0x080061c9   Thumb Code    50  st7789h2_reg.o(.text.st7789h2_send_data)
    st7789h2_write_reg                       0x080061fd   Thumb Code    64  st7789h2_reg.o(.text.st7789h2_write_reg)
    _fp_init                                 0x0800623d   Thumb Code    26  fpinit.o(x$fpl$fpinit)
    __fplib_config_fpu_vfp                   0x08006255   Thumb Code     0  fpinit.o(x$fpl$fpinit)
    __fplib_config_pureend_doubles           0x08006255   Thumb Code     0  fpinit.o(x$fpl$fpinit)
    AHBPrescTable                            0x08006256   Data          16  system_stm32l5xx.o(.rodata.AHBPrescTable)
    Font12_Table                             0x08006266   Data        1140  stm32_lcd.o(.rodata.Font12_Table)
    Font20_Table                             0x080066da   Data        3800  stm32_lcd.o(.rodata.Font20_Table)
    Font8_Table                              0x080075b2   Data         760  stm32_lcd.o(.rodata.Font8_Table)
    MSIRangeTable                            0x080078ac   Data          64  system_stm32l5xx.o(.rodata.MSIRangeTable)
    Region$$Table$$Base                      0x08007958   Number         0  anon$$obj.o(Region$$Table)
    Region$$Table$$Limit                     0x08007978   Number         0  anon$$obj.o(Region$$Table)
    Font12                                   0x20000000   Data           8  stm32_lcd.o(.data.Font12)
    Font20                                   0x20000008   Data           8  stm32_lcd.o(.data.Font20)
    Font8                                    0x20000010   Data           8  stm32_lcd.o(.data.Font8)
    ST7789H2_Driver                          0x20000018   Data          76  st7789h2.o(.data.ST7789H2_Driver)
    SystemCoreClock                          0x20000064   Data           4  system_stm32l5xx.o(.data.SystemCoreClock)
    uwTickFreq                               0x20000068   Data           1  stm32l5xx_hal.o(.data.uwTickFreq)
    uwTickPrio                               0x2000006c   Data           4  stm32l5xx_hal.o(.data.uwTickPrio)
    __libspace_start                         0x20000070   Data          96  libspace.o(.bss)
    __temporary_stack_top$libspace           0x200000d0   Data           0  libspace.o(.bss)
    LcdInitialized                           0x20000144   Data           1  main.o(.bss.LcdInitialized)
    Lcd_CompObj                              0x20000148   Data           4  bsp.o(.bss.Lcd_CompObj)
    Lcd_Drv                                  0x2000014c   Data           4  bsp.o(.bss.Lcd_Drv)
    hlcd_sram                                0x200001c4   Data          88  bsp.o(.bss.hlcd_sram)
    uwTick                                   0x2000021c   Data           4  stm32l5xx_hal.o(.bss.uwTick)



==============================================================================

Memory Map of the image

  Image Entry point : 0x080001f5

  Load Region LR_IROM1 (Base: 0x08000000, Size: 0x000079e8, Max: 0x00080000, ABSOLUTE)

    Execution Region ER_IROM1 (Exec base: 0x08000000, Load base: 0x08000000, Size: 0x00007978, Max: 0x00080000, ABSOLUTE)

    Exec Addr    Load Addr    Size         Type   Attr      Idx    E Section Name        Object

    0x08000000   0x08000000   0x000001f4   Data   RO            3    RESET               startup_stm32l562xx.o
    0x080001f4   0x080001f4   0x00000008   Code   RO         3379  * !!!main             c_w.l(__main.o)
    0x080001fc   0x080001fc   0x00000034   Code   RO         3552    !!!scatter          c_w.l(__scatter.o)
    0x08000230   0x08000230   0x0000001a   Code   RO         3554    !!handler_copy      c_w.l(__scatter_copy.o)
    0x0800024a   0x0800024a   0x00000002   PAD
    0x0800024c   0x0800024c   0x0000001c   Code   RO         3556    !!handler_zi        c_w.l(__scatter_zi.o)
    0x08000268   0x08000268   0x00000002   Code   RO         3416    .ARM.Collect$$libinit$$00000000  c_w.l(libinit.o)
    0x0800026a   0x0800026a   0x00000004   Code   RO         3428    .ARM.Collect$$libinit$$00000001  c_w.l(libinit2.o)
    0x0800026e   0x0800026e   0x00000000   Code   RO         3431    .ARM.Collect$$libinit$$00000004  c_w.l(libinit2.o)
    0x0800026e   0x0800026e   0x00000000   Code   RO         3434    .ARM.Collect$$libinit$$0000000A  c_w.l(libinit2.o)
    0x0800026e   0x0800026e   0x00000000   Code   RO         3436    .ARM.Collect$$libinit$$0000000C  c_w.l(libinit2.o)
    0x0800026e   0x0800026e   0x00000000   Code   RO         3438    .ARM.Collect$$libinit$$0000000E  c_w.l(libinit2.o)
    0x0800026e   0x0800026e   0x00000000   Code   RO         3441    .ARM.Collect$$libinit$$00000011  c_w.l(libinit2.o)
    0x0800026e   0x0800026e   0x00000000   Code   RO         3443    .ARM.Collect$$libinit$$00000013  c_w.l(libinit2.o)
    0x0800026e   0x0800026e   0x00000000   Code   RO         3445    .ARM.Collect$$libinit$$00000015  c_w.l(libinit2.o)
    0x0800026e   0x0800026e   0x00000000   Code   RO         3447    .ARM.Collect$$libinit$$00000017  c_w.l(libinit2.o)
    0x0800026e   0x0800026e   0x00000000   Code   RO         3449    .ARM.Collect$$libinit$$00000019  c_w.l(libinit2.o)
    0x0800026e   0x0800026e   0x00000000   Code   RO         3451    .ARM.Collect$$libinit$$0000001B  c_w.l(libinit2.o)
    0x0800026e   0x0800026e   0x00000000   Code   RO         3453    .ARM.Collect$$libinit$$0000001D  c_w.l(libinit2.o)
    0x0800026e   0x0800026e   0x00000000   Code   RO         3455    .ARM.Collect$$libinit$$0000001F  c_w.l(libinit2.o)
    0x0800026e   0x0800026e   0x00000000   Code   RO         3457    .ARM.Collect$$libinit$$00000021  c_w.l(libinit2.o)
    0x0800026e   0x0800026e   0x00000000   Code   RO         3459    .ARM.Collect$$libinit$$00000023  c_w.l(libinit2.o)
    0x0800026e   0x0800026e   0x00000000   Code   RO         3461    .ARM.Collect$$libinit$$00000025  c_w.l(libinit2.o)
    0x0800026e   0x0800026e   0x00000008   Code   RO         3463    .ARM.Collect$$libinit$$00000027  c_w.l(libinit2.o)
    0x08000276   0x08000276   0x00000000   Code   RO         3467    .ARM.Collect$$libinit$$0000002E  c_w.l(libinit2.o)
    0x08000276   0x08000276   0x00000000   Code   RO         3469    .ARM.Collect$$libinit$$00000030  c_w.l(libinit2.o)
    0x08000276   0x08000276   0x00000000   Code   RO         3471    .ARM.Collect$$libinit$$00000032  c_w.l(libinit2.o)
    0x08000276   0x08000276   0x00000002   Code   RO         3472    .ARM.Collect$$libinit$$00000033  c_w.l(libinit2.o)
    0x08000278   0x08000278   0x00000002   Code   RO         3507    .ARM.Collect$$libshutdown$$00000000  c_w.l(libshutdown.o)
    0x0800027a   0x0800027a   0x00000000   Code   RO         3535    .ARM.Collect$$libshutdown$$00000002  c_w.l(libshutdown2.o)
    0x0800027a   0x0800027a   0x00000000   Code   RO         3537    .ARM.Collect$$libshutdown$$00000004  c_w.l(libshutdown2.o)
    0x0800027a   0x0800027a   0x00000000   Code   RO         3540    .ARM.Collect$$libshutdown$$00000007  c_w.l(libshutdown2.o)
    0x0800027a   0x0800027a   0x00000000   Code   RO         3543    .ARM.Collect$$libshutdown$$0000000A  c_w.l(libshutdown2.o)
    0x0800027a   0x0800027a   0x00000000   Code   RO         3545    .ARM.Collect$$libshutdown$$0000000C  c_w.l(libshutdown2.o)
    0x0800027a   0x0800027a   0x00000000   Code   RO         3548    .ARM.Collect$$libshutdown$$0000000F  c_w.l(libshutdown2.o)
    0x0800027a   0x0800027a   0x00000002   Code   RO         3549    .ARM.Collect$$libshutdown$$00000010  c_w.l(libshutdown2.o)
    0x0800027c   0x0800027c   0x00000000   Code   RO         3381    .ARM.Collect$$rtentry$$00000000  c_w.l(__rtentry.o)
    0x0800027c   0x0800027c   0x00000000   Code   RO         3387    .ARM.Collect$$rtentry$$00000002  c_w.l(__rtentry2.o)
    0x0800027c   0x0800027c   0x00000006   Code   RO         3399    .ARM.Collect$$rtentry$$00000004  c_w.l(__rtentry4.o)
    0x08000282   0x08000282   0x00000000   Code   RO         3389    .ARM.Collect$$rtentry$$00000009  c_w.l(__rtentry2.o)
    0x08000282   0x08000282   0x00000004   Code   RO         3390    .ARM.Collect$$rtentry$$0000000A  c_w.l(__rtentry2.o)
    0x08000286   0x08000286   0x00000000   Code   RO         3392    .ARM.Collect$$rtentry$$0000000C  c_w.l(__rtentry2.o)
    0x08000286   0x08000286   0x00000008   Code   RO         3393    .ARM.Collect$$rtentry$$0000000D  c_w.l(__rtentry2.o)
    0x0800028e   0x0800028e   0x00000002   Code   RO         3420    .ARM.Collect$$rtexit$$00000000  c_w.l(rtexit.o)
    0x08000290   0x08000290   0x00000000   Code   RO         3478    .ARM.Collect$$rtexit$$00000002  c_w.l(rtexit2.o)
    0x08000290   0x08000290   0x00000004   Code   RO         3479    .ARM.Collect$$rtexit$$00000003  c_w.l(rtexit2.o)
    0x08000294   0x08000294   0x00000006   Code   RO         3480    .ARM.Collect$$rtexit$$00000004  c_w.l(rtexit2.o)
    0x0800029a   0x0800029a   0x00000002   PAD
    0x0800029c   0x0800029c   0x00000004   Code   RO         3488    .emb_text           c_w.l(argv_veneer.o)
    0x080002a0   0x080002a0   0x00000044   Code   RO            4    .text               startup_stm32l562xx.o
    0x080002e4   0x080002e4   0x0000004e   Code   RO         3375    .text               c_w.l(rt_memclr_w.o)
    0x08000332   0x08000332   0x00000006   Code   RO         3377    .text               c_w.l(heapauxi.o)
    0x08000338   0x08000338   0x0000004a   Code   RO         3403    .text               c_w.l(sys_stackheap_outer.o)
    0x08000382   0x08000382   0x00000012   Code   RO         3405    .text               c_w.l(exit.o)
    0x08000394   0x08000394   0x00000008   Code   RO         3417    .text               c_w.l(libspace.o)
    0x0800039c   0x0800039c   0x0000000a   Code   RO         3424    .text               c_w.l(defsig_exit.o)
    0x080003a6   0x080003a6   0x00000002   PAD
    0x080003a8   0x080003a8   0x0000000c   Code   RO         3473    .text               c_w.l(sys_exit.o)
    0x080003b4   0x080003b4   0x00000032   Code   RO         3486    .text               c_w.l(defsig_general.o)
    0x080003e6   0x080003e6   0x0000000e   Code   RO         3492    .text               c_w.l(sys_wrch.o)
    0x080003f4   0x080003f4   0x00000002   Code   RO         3496    .text               c_w.l(use_no_semi.o)
    0x080003f6   0x080003f6   0x00000000   Code   RO         3498    .text               c_w.l(indicate_semi.o)
    0x080003f6   0x080003f6   0x0000012e   Code   RO         3503    .text               c_w.l(_get_argv_nomalloc.o)
    0x08000524   0x08000524   0x00000018   Code   RO         3508    .text               c_w.l(sys_command.o)
    0x0800053c   0x0800053c   0x00000004   Code   RO         3512    .text               c_w.l(hrguard.o)
    0x08000540   0x08000540   0x00000050   Code   RO         3518    .text               c_w.l(defsig_rtmem_inner.o)
    0x08000590   0x08000590   0x0000000e   Code   RO         3520    .text               c_w.l(defsig_rtmem_outer.o)
    0x0800059e   0x0800059e   0x00000002   PAD
    0x080005a0   0x080005a0   0x00000054   Code   RO         3310    .text.BSP_LCD_DisplayOn  bsp.o
    0x080005f4   0x080005f4   0x0000007e   Code   RO         3324    .text.BSP_LCD_DrawBitmap  bsp.o
    0x08000672   0x08000672   0x00000002   PAD
    0x08000674   0x08000674   0x0000008e   Code   RO         3328    .text.BSP_LCD_DrawHLine  bsp.o
    0x08000702   0x08000702   0x00000002   PAD
    0x08000704   0x08000704   0x0000008e   Code   RO         3330    .text.BSP_LCD_DrawVLine  bsp.o
    0x08000792   0x08000792   0x00000002   PAD
    0x08000794   0x08000794   0x00000098   Code   RO         3326    .text.BSP_LCD_FillRGBRect  bsp.o
    0x0800082c   0x0800082c   0x00000098   Code   RO         3332    .text.BSP_LCD_FillRect  bsp.o
    0x080008c4   0x080008c4   0x00000030   Code   RO         3338    .text.BSP_LCD_GetFormat  bsp.o
    0x080008f4   0x080008f4   0x0000006a   Code   RO         3318    .text.BSP_LCD_GetXSize  bsp.o
    0x0800095e   0x0800095e   0x00000002   PAD
    0x08000960   0x08000960   0x0000006a   Code   RO         3320    .text.BSP_LCD_GetYSize  bsp.o
    0x080009ca   0x080009ca   0x00000002   PAD
    0x080009cc   0x080009cc   0x0000004c   Code   RO         3300    .text.BSP_LCD_Init  bsp.o
    0x08000a18   0x08000a18   0x0000007e   Code   RO         3334    .text.BSP_LCD_ReadPixel  bsp.o
    0x08000a96   0x08000a96   0x00000002   PAD
    0x08000a98   0x08000a98   0x0000002a   Code   RO         3322    .text.BSP_LCD_SetActiveLayer  bsp.o
    0x08000ac2   0x08000ac2   0x00000002   PAD
    0x08000ac4   0x08000ac4   0x0000007e   Code   RO         3336    .text.BSP_LCD_WritePixel  bsp.o
    0x08000b42   0x08000b42   0x00000002   PAD
    0x08000b44   0x08000b44   0x00000004   Code   RO          258    .text.BusFault_Handler  stm32l5xx_it.o
    0x08000b48   0x08000b48   0x00000002   Code   RO          264    .text.DebugMon_Handler  stm32l5xx_it.o
    0x08000b4a   0x08000b4a   0x00000002   PAD
    0x08000b4c   0x08000b4c   0x000000e6   Code   RO           19    .text.Display_DemoDescription  main.o
    0x08000c32   0x08000c32   0x00000002   PAD
    0x08000c34   0x08000c34   0x0000020e   Code   RO         3183    .text.DrawChar      stm32_lcd.o
    0x08000e42   0x08000e42   0x00000002   PAD
    0x08000e44   0x08000e44   0x0000000e   Code   RO           21    .text.Error_Handler  main.o
    0x08000e52   0x08000e52   0x00000002   PAD
    0x08000e54   0x08000e54   0x00000060   Code   RO         3356    .text.FMC_MspDeInit  bsp.o
    0x08000eb4   0x08000eb4   0x000000fe   Code   RO         3354    .text.FMC_MspInit   bsp.o
    0x08000fb2   0x08000fb2   0x00000002   PAD
    0x08000fb4   0x08000fb4   0x000000b4   Code   RO         1713    .text.FMC_NORSRAM_DeInit  stm32l5xx_ll_fmc.o
    0x08001068   0x08001068   0x0000007a   Code   RO         1717    .text.FMC_NORSRAM_Extended_Timing_Init  stm32l5xx_ll_fmc.o
    0x080010e2   0x080010e2   0x00000002   PAD
    0x080010e4   0x080010e4   0x00000196   Code   RO         1711    .text.FMC_NORSRAM_Init  stm32l5xx_ll_fmc.o
    0x0800127a   0x0800127a   0x00000002   PAD
    0x0800127c   0x0800127c   0x000000a8   Code   RO         1715    .text.FMC_NORSRAM_Timing_Init  stm32l5xx_ll_fmc.o
    0x08001324   0x08001324   0x0000004e   Code   RO          687    .text.HAL_Delay     stm32l5xx_hal.o
    0x08001372   0x08001372   0x00000002   PAD
    0x08001374   0x08001374   0x0000006a   Code   RO           83    .text.HAL_FMC_MspDeInit  fmc.o
    0x080013de   0x080013de   0x00000002   PAD
    0x080013e0   0x080013e0   0x000000d0   Code   RO           79    .text.HAL_FMC_MspInit  fmc.o
    0x080014b0   0x080014b0   0x00000218   Code   RO         1149    .text.HAL_GPIO_DeInit  stm32l5xx_hal_gpio.o
    0x080016c8   0x080016c8   0x00000382   Code   RO         1147    .text.HAL_GPIO_Init  stm32l5xx_hal_gpio.o
    0x08001a4a   0x08001a4a   0x00000002   PAD
    0x08001a4c   0x08001a4c   0x00000040   Code   RO         1153    .text.HAL_GPIO_WritePin  stm32l5xx_hal_gpio.o
    0x08001a8c   0x08001a8c   0x0000000c   Code   RO          679    .text.HAL_GetTick   stm32l5xx_hal.o
    0x08001a98   0x08001a98   0x0000001a   Code   RO          677    .text.HAL_IncTick   stm32l5xx_hal.o
    0x08001ab2   0x08001ab2   0x00000002   PAD
    0x08001ab4   0x08001ab4   0x0000003a   Code   RO          667    .text.HAL_Init      stm32l5xx_hal.o
    0x08001aee   0x08001aee   0x00000002   PAD
    0x08001af0   0x08001af0   0x00000090   Code   RO          669    .text.HAL_InitTick  stm32l5xx_hal.o
    0x08001b80   0x08001b80   0x00000046   Code   RO          278    .text.HAL_MspInit   stm32l5xx_hal_msp.o
    0x08001bc6   0x08001bc6   0x00000002   PAD
    0x08001bc8   0x08001bc8   0x00000048   Code   RO         1431    .text.HAL_NVIC_SetPriority  stm32l5xx_hal_cortex.o
    0x08001c10   0x08001c10   0x00000014   Code   RO         1427    .text.HAL_NVIC_SetPriorityGrouping  stm32l5xx_hal_cortex.o
    0x08001c24   0x08001c24   0x00000106   Code   RO         1317    .text.HAL_PWREx_ControlVoltageScaling  stm32l5xx_hal_pwr_ex.o
    0x08001d2a   0x08001d2a   0x00000002   PAD
    0x08001d2c   0x08001d2c   0x00000012   Code   RO         1329    .text.HAL_PWREx_EnableVddIO2  stm32l5xx_hal_pwr_ex.o
    0x08001d3e   0x08001d3e   0x00000002   PAD
    0x08001d40   0x08001d40   0x00000010   Code   RO         1315    .text.HAL_PWREx_GetVoltageRange  stm32l5xx_hal_pwr_ex.o
    0x08001d50   0x08001d50   0x00000044   Code   RO         1319    .text.HAL_PWREx_SMPS_GetEffectiveMode  stm32l5xx_hal_pwr_ex.o
    0x08001d94   0x08001d94   0x00000012   Code   RO         1273    .text.HAL_PWR_EnableBkUpAccess  stm32l5xx_hal_pwr.o
    0x08001da6   0x08001da6   0x00000002   PAD
    0x08001da8   0x08001da8   0x00000012   Code   RO         1022    .text.HAL_RCCEx_EnableMSIPLLMode  stm32l5xx_hal_rcc_ex.o
    0x08001dba   0x08001dba   0x00000002   PAD
    0x08001dbc   0x08001dbc   0x00000810   Code   RO          982    .text.HAL_RCCEx_PeriphCLKConfig  stm32l5xx_hal_rcc_ex.o
    0x080025cc   0x080025cc   0x0000034e   Code   RO          946    .text.HAL_RCC_ClockConfig  stm32l5xx_hal_rcc.o
    0x0800291a   0x0800291a   0x00000002   PAD
    0x0800291c   0x0800291c   0x0000002a   Code   RO          944    .text.HAL_RCC_GetHCLKFreq  stm32l5xx_hal_rcc.o
    0x08002946   0x08002946   0x00000002   PAD
    0x08002948   0x08002948   0x00000192   Code   RO          950    .text.HAL_RCC_GetSysClockFreq  stm32l5xx_hal_rcc.o
    0x08002ada   0x08002ada   0x00000002   PAD
    0x08002adc   0x08002adc   0x00000ccc   Code   RO          940    .text.HAL_RCC_OscConfig  stm32l5xx_hal_rcc.o
    0x080037a8   0x080037a8   0x0000003e   Code   RO         1749    .text.HAL_SRAM_DeInit  stm32l5xx_hal_sram.o
    0x080037e6   0x080037e6   0x00000002   PAD
    0x080037e8   0x080037e8   0x00000012   Code   RO         1783    .text.HAL_SRAM_GetState  stm32l5xx_hal_sram.o
    0x080037fa   0x080037fa   0x00000002   PAD
    0x080037fc   0x080037fc   0x000000b6   Code   RO         1745    .text.HAL_SRAM_Init  stm32l5xx_hal_sram.o
    0x080038b2   0x080038b2   0x00000002   PAD
    0x080038b4   0x080038b4   0x00000012   Code   RO           81    .text.HAL_SRAM_MspDeInit  fmc.o
    0x080038c6   0x080038c6   0x00000002   PAD
    0x080038c8   0x080038c8   0x00000012   Code   RO           77    .text.HAL_SRAM_MspInit  fmc.o
    0x080038da   0x080038da   0x00000002   PAD
    0x080038dc   0x080038dc   0x00000014   Code   RO         1451    .text.HAL_SYSTICK_Config  stm32l5xx_hal_cortex.o
    0x080038f0   0x080038f0   0x00000004   Code   RO          254    .text.HardFault_Handler  stm32l5xx_it.o
    0x080038f4   0x080038f4   0x00000030   Code   RO         3344    .text.LCD_FMC_DeInit  bsp.o
    0x08003924   0x08003924   0x00000010   Code   RO         3352    .text.LCD_FMC_GetTick  bsp.o
    0x08003934   0x08003934   0x0000005a   Code   RO         3342    .text.LCD_FMC_Init  bsp.o
    0x0800398e   0x0800398e   0x00000002   PAD
    0x08003990   0x08003990   0x00000096   Code   RO         3346    .text.LCD_FMC_ReadReg16  bsp.o
    0x08003a26   0x08003a26   0x00000002   PAD
    0x08003a28   0x08003a28   0x0000005e   Code   RO         3350    .text.LCD_FMC_Send  bsp.o
    0x08003a86   0x08003a86   0x00000002   PAD
    0x08003a88   0x08003a88   0x0000008a   Code   RO         3348    .text.LCD_FMC_WriteReg16  bsp.o
    0x08003b12   0x08003b12   0x00000002   PAD
    0x08003b14   0x08003b14   0x000000bc   Code   RO         3340    .text.MX_FMC_BANK1_Init  bsp.o
    0x08003bd0   0x08003bd0   0x0000027c   Code   RO           33    .text.MX_GPIO_Init  gpio.o
    0x08003e4c   0x08003e4c   0x00000004   Code   RO          256    .text.MemManage_Handler  stm32l5xx_it.o
    0x08003e50   0x08003e50   0x00000004   Code   RO          252    .text.NMI_Handler   stm32l5xx_it.o
    0x08003e54   0x08003e54   0x00000080   Code   RO         1437    .text.NVIC_EncodePriority  stm32l5xx_hal_cortex.o
    0x08003ed4   0x08003ed4   0x00000002   Code   RO          266    .text.PendSV_Handler  stm32l5xx_it.o
    0x08003ed6   0x08003ed6   0x00000002   PAD
    0x08003ed8   0x08003ed8   0x00000050   Code   RO           15    .text.PeriphCommonClock_Config  main.o
    0x08003f28   0x08003f28   0x00000262   Code   RO          984    .text.RCCEx_PLLSAI1_Config  stm32l5xx_hal_rcc_ex.o
    0x0800418a   0x0800418a   0x00000002   PAD
    0x0800418c   0x0800418c   0x000001c8   Code   RO          986    .text.RCCEx_PLLSAI2_Config  stm32l5xx_hal_rcc_ex.o
    0x08004354   0x08004354   0x000000f4   Code   RO          948    .text.RCC_GetSysClockFreqFromPLLSource  stm32l5xx_hal_rcc.o
    0x08004448   0x08004448   0x00000102   Code   RO          942    .text.RCC_SetFlashLatencyFromMSIRange  stm32l5xx_hal_rcc.o
    0x0800454a   0x0800454a   0x00000002   PAD
    0x0800454c   0x0800454c   0x0000007a   Code   RO         3231    .text.ST7789H2_DeInit  st7789h2.o
    0x080045c6   0x080045c6   0x00000002   PAD
    0x080045c8   0x080045c8   0x00000038   Code   RO         3275    .text.ST7789H2_Delay  st7789h2.o
    0x08004600   0x08004600   0x00000072   Code   RO         3237    .text.ST7789H2_DisplayOff  st7789h2.o
    0x08004672   0x08004672   0x00000002   PAD
    0x08004674   0x08004674   0x00000062   Code   RO         3235    .text.ST7789H2_DisplayOn  st7789h2.o
    0x080046d6   0x080046d6   0x00000002   PAD
    0x080046d8   0x080046d8   0x00000392   Code   RO         3249    .text.ST7789H2_DrawBitmap  st7789h2.o
    0x08004a6a   0x08004a6a   0x00000002   PAD
    0x08004a6c   0x08004a6c   0x000000e0   Code   RO         3253    .text.ST7789H2_DrawHLine  st7789h2.o
    0x08004b4c   0x08004b4c   0x0000006e   Code   RO         3255    .text.ST7789H2_DrawVLine  st7789h2.o
    0x08004bba   0x08004bba   0x00000002   PAD
    0x08004bbc   0x08004bbc   0x000000cc   Code   RO         3251    .text.ST7789H2_FillRGBRect  st7789h2.o
    0x08004c88   0x08004c88   0x00000076   Code   RO         3257    .text.ST7789H2_FillRect  st7789h2.o
    0x08004cfe   0x08004cfe   0x00000002   PAD
    0x08004d00   0x08004d00   0x00000016   Code   RO         3241    .text.ST7789H2_GetBrightness  st7789h2.o
    0x08004d16   0x08004d16   0x00000002   PAD
    0x08004d18   0x08004d18   0x00000020   Code   RO         3245    .text.ST7789H2_GetOrientation  st7789h2.o
    0x08004d38   0x08004d38   0x00000084   Code   RO         3259    .text.ST7789H2_GetPixel  st7789h2.o
    0x08004dbc   0x08004dbc   0x0000001a   Code   RO         3263    .text.ST7789H2_GetXSize  st7789h2.o
    0x08004dd6   0x08004dd6   0x00000002   PAD
    0x08004dd8   0x08004dd8   0x0000001a   Code   RO         3265    .text.ST7789H2_GetYSize  st7789h2.o
    0x08004df2   0x08004df2   0x00000002   PAD
    0x08004df4   0x08004df4   0x0000050e   Code   RO         3229    .text.ST7789H2_Init  st7789h2.o
    0x08005302   0x08005302   0x00000002   PAD
    0x08005304   0x08005304   0x00000118   Code   RO         3302    .text.ST7789H2_PowerUp  bsp.o
    0x0800541c   0x0800541c   0x00000134   Code   RO         3304    .text.ST7789H2_Probe  bsp.o
    0x08005550   0x08005550   0x0000004e   Code   RO         3233    .text.ST7789H2_ReadID  st7789h2.o
    0x0800559e   0x0800559e   0x00000002   PAD
    0x080055a0   0x080055a0   0x00000044   Code   RO         3269    .text.ST7789H2_ReadRegWrap  st7789h2.o
    0x080055e4   0x080055e4   0x000000a4   Code   RO         3267    .text.ST7789H2_RegisterBusIO  st7789h2.o
    0x08005688   0x08005688   0x00000034   Code   RO         3273    .text.ST7789H2_SendDataWrap  st7789h2.o
    0x080056bc   0x080056bc   0x00000016   Code   RO         3239    .text.ST7789H2_SetBrightness  st7789h2.o
    0x080056d2   0x080056d2   0x00000002   PAD
    0x080056d4   0x080056d4   0x0000012c   Code   RO         3247    .text.ST7789H2_SetCursor  st7789h2.o
    0x08005800   0x08005800   0x00000078   Code   RO         3243    .text.ST7789H2_SetOrientation  st7789h2.o
    0x08005878   0x08005878   0x0000005e   Code   RO         3261    .text.ST7789H2_SetPixel  st7789h2.o
    0x080058d6   0x080058d6   0x00000002   PAD
    0x080058d8   0x080058d8   0x00000044   Code   RO         3271    .text.ST7789H2_WriteRegWrap  st7789h2.o
    0x0800591c   0x0800591c   0x00000002   Code   RO          262    .text.SVC_Handler   stm32l5xx_it.o
    0x0800591e   0x0800591e   0x00000002   PAD
    0x08005920   0x08005920   0x0000005c   Code   RO         1453    .text.SysTick_Config  stm32l5xx_hal_cortex.o
    0x0800597c   0x0800597c   0x00000008   Code   RO          268    .text.SysTick_Handler  stm32l5xx_it.o
    0x08005984   0x08005984   0x000000c2   Code   RO           13    .text.SystemClock_Config  main.o
    0x08005a46   0x08005a46   0x00000002   PAD
    0x08005a48   0x08005a48   0x0000017e   Code   RO         3133    .text.SystemCoreClockUpdate  system_stm32l5xx.o
    0x08005bc6   0x08005bc6   0x00000002   PAD
    0x08005bc8   0x08005bc8   0x000000ca   Code   RO           17    .text.SystemHardwareInit  main.o
    0x08005c92   0x08005c92   0x00000002   PAD
    0x08005c94   0x08005c94   0x00000012   Code   RO         3131    .text.SystemInit    system_stm32l5xx.o
    0x08005ca6   0x08005ca6   0x00000002   PAD
    0x08005ca8   0x08005ca8   0x00000030   Code   RO         3175    .text.UTIL_LCD_Clear  stm32_lcd.o
    0x08005cd8   0x08005cd8   0x00000050   Code   RO         3181    .text.UTIL_LCD_DisplayChar  stm32_lcd.o
    0x08005d28   0x08005d28   0x00000160   Code   RO         3185    .text.UTIL_LCD_DisplayStringAt  stm32_lcd.o
    0x08005e88   0x08005e88   0x0000006a   Code   RO         3165    .text.UTIL_LCD_FillRGBRect  stm32_lcd.o
    0x08005ef2   0x08005ef2   0x00000002   PAD
    0x08005ef4   0x08005ef4   0x000000ca   Code   RO         3177    .text.UTIL_LCD_FillRect  stm32_lcd.o
    0x08005fbe   0x08005fbe   0x00000002   PAD
    0x08005fc0   0x08005fc0   0x0000001e   Code   RO         3157    .text.UTIL_LCD_SetBackColor  stm32_lcd.o
    0x08005fde   0x08005fde   0x00000002   PAD
    0x08005fe0   0x08005fe0   0x0000001e   Code   RO         3161    .text.UTIL_LCD_SetFont  stm32_lcd.o
    0x08005ffe   0x08005ffe   0x00000002   PAD
    0x08006000   0x08006000   0x000000a4   Code   RO         3147    .text.UTIL_LCD_SetFuncDriver  stm32_lcd.o
    0x080060a4   0x080060a4   0x0000001c   Code   RO         3153    .text.UTIL_LCD_SetTextColor  stm32_lcd.o
    0x080060c0   0x080060c0   0x00000004   Code   RO          260    .text.UsageFault_Handler  stm32l5xx_it.o
    0x080060c4   0x080060c4   0x00000010   Code   RO         1433    .text.__NVIC_GetPriorityGrouping  stm32l5xx_hal_cortex.o
    0x080060d4   0x080060d4   0x0000004a   Code   RO         1435    .text.__NVIC_SetPriority  stm32l5xx_hal_cortex.o
    0x0800611e   0x0800611e   0x00000002   PAD
    0x08006120   0x08006120   0x00000040   Code   RO         1429    .text.__NVIC_SetPriorityGrouping  stm32l5xx_hal_cortex.o
    0x08006160   0x08006160   0x00000026   Code   RO           11    .text.main          main.o
    0x08006186   0x08006186   0x00000002   PAD
    0x08006188   0x08006188   0x00000040   Code   RO         3286    .text.st7789h2_read_reg  st7789h2_reg.o
    0x080061c8   0x080061c8   0x00000032   Code   RO         3290    .text.st7789h2_send_data  st7789h2_reg.o
    0x080061fa   0x080061fa   0x00000002   PAD
    0x080061fc   0x080061fc   0x00000040   Code   RO         3288    .text.st7789h2_write_reg  st7789h2_reg.o
    0x0800623c   0x0800623c   0x0000001a   Code   RO         3490    x$fpl$fpinit        fz_wm.l(fpinit.o)
    0x08006256   0x08006256   0x00000010   Data   RO         3136    .rodata.AHBPrescTable  system_stm32l5xx.o
    0x08006266   0x08006266   0x00000474   Data   RO         3215    .rodata.Font12_Table  stm32_lcd.o
    0x080066da   0x080066da   0x00000ed8   Data   RO         3211    .rodata.Font20_Table  stm32_lcd.o
    0x080075b2   0x080075b2   0x000002f8   Data   RO         3217    .rodata.Font8_Table  stm32_lcd.o
    0x080078aa   0x080078aa   0x00000002   PAD
    0x080078ac   0x080078ac   0x00000040   Data   RO         3138    .rodata.MSIRangeTable  system_stm32l5xx.o
    0x080078ec   0x080078ec   0x0000006a   Data   RO           24    .rodata.str1.1      main.o
    0x08007956   0x08007956   0x00000002   PAD
    0x08007958   0x08007958   0x00000020   Data   RO         3551    Region$$Table       anon$$obj.o


    Execution Region RW_IRAM1 (Exec base: 0x20000000, Load base: 0x08007978, Size: 0x00006220, Max: 0x00030000, ABSOLUTE)

    Exec Addr    Load Addr    Size         Type   Attr      Idx    E Section Name        Object

    0x20000000   0x08007978   0x00000008   Data   RW         3216    .data.Font12        stm32_lcd.o
    0x20000008   0x08007980   0x00000008   Data   RW         3212    .data.Font20        stm32_lcd.o
    0x20000010   0x08007988   0x00000008   Data   RW         3218    .data.Font8         stm32_lcd.o
    0x20000018   0x08007990   0x0000004c   Data   RW         3277    .data.ST7789H2_Driver  st7789h2.o
    0x20000064   0x080079dc   0x00000004   Data   RW         3135    .data.SystemCoreClock  system_stm32l5xx.o
    0x20000068   0x080079e0   0x00000001   Data   RW          738    .data.uwTickFreq    stm32l5xx_hal.o
    0x20000069   0x080079e1   0x00000003   PAD
    0x2000006c   0x080079e4   0x00000004   Data   RW          737    .data.uwTickPrio    stm32l5xx_hal.o
    0x20000070        -       0x00000060   Zero   RW         3418    .bss                c_w.l(libspace.o)
    0x200000d0        -       0x00000040   Zero   RW         3220    .bss.DrawProp       stm32_lcd.o
    0x20000110        -       0x00000004   Zero   RW           87    .bss.FMC_DeInitialized  fmc.o
    0x20000114        -       0x00000004   Zero   RW           86    .bss.FMC_Initialized  fmc.o
    0x20000118        -       0x0000002c   Zero   RW         3219    .bss.FuncDriver     stm32_lcd.o
    0x20000144        -       0x00000001   Zero   RW           23    .bss.LcdInitialized  main.o
    0x20000145   0x080079e8   0x00000003   PAD
    0x20000148        -       0x00000004   Zero   RW         3359    .bss.Lcd_CompObj    bsp.o
    0x2000014c        -       0x00000004   Zero   RW         3360    .bss.Lcd_Drv        bsp.o
    0x20000150        -       0x00000020   Zero   RW         3362    .bss.MX_FMC_BANK1_Init.ExtendedTiming  bsp.o
    0x20000170        -       0x00000020   Zero   RW         3361    .bss.MX_FMC_BANK1_Init.SramTiming  bsp.o
    0x20000190        -       0x00000034   Zero   RW         3363    .bss.ST7789H2_Probe.ST7789H2Obj  bsp.o
    0x200001c4        -       0x00000058   Zero   RW         3358    .bss.hlcd_sram      bsp.o
    0x2000021c        -       0x00000004   Zero   RW          739    .bss.uwTick         stm32l5xx_hal.o
    0x20000220        -       0x00002000   Zero   RW            2    HEAP                startup_stm32l562xx.o
    0x20002220        -       0x00004000   Zero   RW            1    STACK               startup_stm32l562xx.o


==============================================================================

Image component sizes


      Code (inc. data)   RO Data    RW Data    ZI Data      Debug   Object Name

      3090          0          0          0        212      14528   bsp.o
       350          0          0          0          8       6454   fmc.o
       636          0          0          0          0       2957   gpio.o
       758          0        106          0          1       5844   main.o
      4458          0          0         76          0       9863   st7789h2.o
       178          0          0          0          0       1458   st7789h2_reg.o
        68         28        500          0      24576        968   startup_stm32l562xx.o
      1566          0       5700         24        108      13326   stm32_lcd.o
       318          0          0          5          4       9647   stm32l5xx_hal.o
       486          0          0          0          0      11187   stm32l5xx_hal_cortex.o
      1498          0          0          0          0       4698   stm32l5xx_hal_gpio.o
        70          0          0          0          0       1977   stm32l5xx_hal_msp.o
        18          0          0          0          0       6720   stm32l5xx_hal_pwr.o
       364          0          0          0          0      10836   stm32l5xx_hal_pwr_ex.o
      5068          0          0          0          0      12996   stm32l5xx_hal_rcc.o
      3148          0          0          0          0      18101   stm32l5xx_hal_rcc_ex.o
       262          0          0          0          0       9070   stm32l5xx_hal_sram.o
        34          0          0          0          0       1045   stm32l5xx_it.o
       876          0          0          0          0       5174   stm32l5xx_ll_fmc.o
       400         14         80          4          0       3635   system_stm32l5xx.o

    ----------------------------------------------------------------------
     23776         42       6422        112      24912     150484   Object Totals
         0          0         32          0          0          0   (incl. Generated)
       130          0          4          3          3          0   (incl. Padding)

    ----------------------------------------------------------------------

      Code (inc. data)   RO Data    RW Data    ZI Data      Debug   Library Member Name

         8          0          0          0          0         68   __main.o
         0          0          0          0          0          0   __rtentry.o
        12          0          0          0          0          0   __rtentry2.o
         6          0          0          0          0          0   __rtentry4.o
        52          8          0          0          0          0   __scatter.o
        26          0          0          0          0          0   __scatter_copy.o
        28          0          0          0          0          0   __scatter_zi.o
       302          0          0          0          0        168   _get_argv_nomalloc.o
         4          0          0          0          0         68   argv_veneer.o
        10          0          0          0          0         68   defsig_exit.o
        50          0          0          0          0         88   defsig_general.o
        80         58          0          0          0         76   defsig_rtmem_inner.o
        14          0          0          0          0         80   defsig_rtmem_outer.o
        18          0          0          0          0         80   exit.o
         6          0          0          0          0        152   heapauxi.o
         4          0          0          0          0        136   hrguard.o
         0          0          0          0          0          0   indicate_semi.o
         2          0          0          0          0          0   libinit.o
        14          0          0          0          0          0   libinit2.o
         2          0          0          0          0          0   libshutdown.o
         2          0          0          0          0          0   libshutdown2.o
         8          4          0          0         96         68   libspace.o
        78          0          0          0          0         80   rt_memclr_w.o
         2          0          0          0          0          0   rtexit.o
        10          0          0          0          0          0   rtexit2.o
        24          0          0          0          0         76   sys_command.o
        12          4          0          0          0         68   sys_exit.o
        74          0          0          0          0         80   sys_stackheap_outer.o
        14          0          0          0          0         76   sys_wrch.o
         2          0          0          0          0         68   use_no_semi.o
        26          0          0          0          0        116   fpinit.o

    ----------------------------------------------------------------------
       898         74          0          0         96       1616   Library Totals
         8          0          0          0          0          0   (incl. Padding)

    ----------------------------------------------------------------------

      Code (inc. data)   RO Data    RW Data    ZI Data      Debug   Library Name

       864         74          0          0         96       1500   c_w.l
        26          0          0          0          0        116   fz_wm.l

    ----------------------------------------------------------------------
       898         74          0          0         96       1616   Library Totals

    ----------------------------------------------------------------------

==============================================================================


      Code (inc. data)   RO Data    RW Data    ZI Data      Debug   

     24674        116       6422        112      25008     151084   Grand Totals
     24674        116       6422        112      25008     151084   ELF Image Totals
     24674        116       6422        112          0          0   ROM Totals

==============================================================================

    Total RO  Size (Code + RO Data)                31096 (  30.37kB)
    Total RW  Size (RW Data + ZI Data)             25120 (  24.53kB)
    Total ROM Size (Code + RO Data + RW Data)      31208 (  30.48kB)

==============================================================================

